Component: ARM Compiler 5.06 update 7 (build 960) Tool: armlink [4d3601]

==============================================================================

Section Cross References

    startup_stm32g031xx.o(RESET) refers to startup_stm32g031xx.o(STACK) for __initial_sp
    startup_stm32g031xx.o(RESET) refers to startup_stm32g031xx.o(.text) for Reset_Handler
    startup_stm32g031xx.o(RESET) refers to stm32g0xx_it.o(i.NMI_Handler) for NMI_Handler
    startup_stm32g031xx.o(RESET) refers to stm32g0xx_it.o(i.HardFault_Handler) for HardFault_Handler
    startup_stm32g031xx.o(RESET) refers to stm32g0xx_it.o(i.SVC_Handler) for SVC_Handler
    startup_stm32g031xx.o(RESET) refers to stm32g0xx_it.o(i.PendSV_Handler) for PendSV_Handler
    startup_stm32g031xx.o(RESET) refers to stm32g0xx_it.o(i.SysTick_Handler) for SysTick_Handler
    startup_stm32g031xx.o(RESET) refers to stm32g0xx_it.o(i.ADC1_IRQHandler) for ADC1_IRQHandler
    startup_stm32g031xx.o(RESET) refers to stm32g0xx_it.o(i.TIM1_BRK_UP_TRG_COM_IRQHandler) for TIM1_BRK_UP_TRG_COM_IRQHandler
    startup_stm32g031xx.o(.text) refers to system_stm32g0xx.o(i.SystemInit) for SystemInit
    startup_stm32g031xx.o(.text) refers to entry.o(.ARM.Collect$$$$00000000) for __main
    main.o(i.main) refers to app.o(i.FnALLInit) for FnALLInit
    main.o(i.main) refers to app.o(i.FnReadAndAvgTheAdcValue) for FnReadAndAvgTheAdcValue
    main.o(i.main) refers to app.o(i.FnProcessUSERButtons) for FnProcessUSERButtons
    main.o(i.main) refers to app.o(i.FnCheckProcessADC) for FnCheckProcessADC
    main.o(i.main) refers to app.o(i.fnBuzzerAlarm) for fnBuzzerAlarm
    main.o(i.main) refers to printf1.o(i.__0sprintf$1) for __2sprintf
    main.o(i.main) refers to app.o(i.FnUsartPrint) for FnUsartPrint
    main.o(i.main) refers to app.o(i.FnFireProcessStatus) for FnFireProcessStatus
    main.o(i.main) refers to main.o(.bss) for .bss
    main.o(i.main) refers to main.o(.conststring) for .conststring
    stm32g0xx_it.o(i.ADC1_IRQHandler) refers to memcpya.o(.text) for __aeabi_memcpy4
    stm32g0xx_it.o(i.ADC1_IRQHandler) refers to strlen.o(.text) for strlen
    stm32g0xx_it.o(i.ADC1_IRQHandler) refers to systeminit.o(i.FnUSART_SendData) for FnUSART_SendData
    stm32g0xx_it.o(i.ADC1_IRQHandler) refers to stm32g0xx_it.o(.constdata) for .constdata
    stm32g0xx_it.o(i.TIM1_BRK_UP_TRG_COM_IRQHandler) refers to systeminit.o(i.FnDelayTimeDecrement) for FnDelayTimeDecrement
    stm32g0xx_it.o(i.TIM1_BRK_UP_TRG_COM_IRQHandler) refers to app.o(i.FnTimerFunction) for FnTimerFunction
    systeminit.o(i.ConversionStartPoll_ADC_GrpRegular) refers to systeminit.o(i.LL_ADC_REG_SetSequencerRanks) for LL_ADC_REG_SetSequencerRanks
    systeminit.o(i.ConversionStartPoll_ADC_GrpRegular) refers to systeminit.o(i.LL_ADC_SetChannelSamplingTime) for LL_ADC_SetChannelSamplingTime
    systeminit.o(i.ConversionStartPoll_ADC_GrpRegular) refers to printf1.o(i.__0sprintf$1) for __2sprintf
    systeminit.o(i.ConversionStartPoll_ADC_GrpRegular) refers to strlen.o(.text) for strlen
    systeminit.o(i.ConversionStartPoll_ADC_GrpRegular) refers to systeminit.o(i.FnUSART_SendData) for FnUSART_SendData
    systeminit.o(i.ConversionStartPoll_ADC_GrpRegular) refers to main.o(.bss) for ucDebugBuff
    systeminit.o(i.FnADC1Init) refers to memseta.o(.text) for __aeabi_memclr4
    systeminit.o(i.FnADC1Init) refers to systeminit.o(i.LL_APB2_GRP1_EnableClock) for LL_APB2_GRP1_EnableClock
    systeminit.o(i.FnADC1Init) refers to systeminit.o(i.LL_IOP_GRP1_EnableClock) for LL_IOP_GRP1_EnableClock
    systeminit.o(i.FnADC1Init) refers to stm32g0xx_ll_gpio.o(i.LL_GPIO_Init) for LL_GPIO_Init
    systeminit.o(i.FnADC1Init) refers to systeminit.o(i.__NVIC_SetPriority) for __NVIC_SetPriority
    systeminit.o(i.FnADC1Init) refers to systeminit.o(i.__NVIC_EnableIRQ) for __NVIC_EnableIRQ
    systeminit.o(i.FnADC1Init) refers to stm32g0xx_ll_adc.o(i.LL_ADC_REG_Init) for LL_ADC_REG_Init
    systeminit.o(i.FnADC1Init) refers to systeminit.o(i.LL_ADC_SetSamplingTimeCommonChannels) for LL_ADC_SetSamplingTimeCommonChannels
    systeminit.o(i.FnADC1Init) refers to stm32g0xx_ll_adc.o(i.LL_ADC_Init) for LL_ADC_Init
    systeminit.o(i.FnADCCmd) refers to systeminit.o(i.ConversionStartPoll_ADC_GrpRegular) for ConversionStartPoll_ADC_GrpRegular
    systeminit.o(i.FnADCCmd) refers to uidiv.o(.text) for __aeabi_uidivmod
    systeminit.o(i.FnADCCmd) refers to systeminit.o(.data) for .data
    systeminit.o(i.FnActivateADC) refers to uidiv.o(.text) for __aeabi_uidivmod
    systeminit.o(i.FnActivateADC) refers to system_stm32g0xx.o(.data) for SystemCoreClock
    systeminit.o(i.FnDelayTimeDecrement) refers to systeminit.o(.data) for .data
    systeminit.o(i.FnDelay_25ms) refers to systeminit.o(.data) for .data
    systeminit.o(i.FnGPIOInitINorOUT) refers to memseta.o(.text) for __aeabi_memclr4
    systeminit.o(i.FnGPIOInitINorOUT) refers to systeminit.o(i.LL_IOP_GRP1_EnableClock) for LL_IOP_GRP1_EnableClock
[...]
    stm32g0xx_ll_rcc.o(i.RCC_GetHCLKClockFreq) refers to system_stm32g0xx.o(.constdata) for AHBPrescTable
    stm32g0xx_ll_rcc.o(i.RCC_GetPCLK1ClockFreq) refers to system_stm32g0xx.o(.constdata) for APBPrescTable
    stm32g0xx_ll_rcc.o(i.RCC_GetSystemClockFreq) refers to uidiv.o(.text) for __aeabi_uidivmod
    stm32g0xx_ll_rcc.o(i.RCC_GetSystemClockFreq) refers to stm32g0xx_ll_rcc.o(i.RCC_PLL_GetFreqDomain_SYS) for RCC_PLL_GetFreqDomain_SYS
    stm32g0xx_ll_rcc.o(i.RCC_PLL_GetFreqDomain_ADC) refers to stm32g0xx_ll_rcc.o(i.LL_RCC_PLL_GetMainSource) for LL_RCC_PLL_GetMainSource
    stm32g0xx_ll_rcc.o(i.RCC_PLL_GetFreqDomain_ADC) refers to stm32g0xx_ll_rcc.o(i.LL_RCC_PLL_GetDivider) for LL_RCC_PLL_GetDivider
    stm32g0xx_ll_rcc.o(i.RCC_PLL_GetFreqDomain_ADC) refers to stm32g0xx_ll_rcc.o(i.LL_RCC_PLL_GetN) for LL_RCC_PLL_GetN
    stm32g0xx_ll_rcc.o(i.RCC_PLL_GetFreqDomain_ADC) refers to uidiv.o(.text) for __aeabi_uidivmod
    stm32g0xx_ll_rcc.o(i.RCC_PLL_GetFreqDomain_I2S1) refers to stm32g0xx_ll_rcc.o(i.LL_RCC_PLL_GetMainSource) for LL_RCC_PLL_GetMainSource
    stm32g0xx_ll_rcc.o(i.RCC_PLL_GetFreqDomain_I2S1) refers to stm32g0xx_ll_rcc.o(i.LL_RCC_PLL_GetDivider) for LL_RCC_PLL_GetDivider
    stm32g0xx_ll_rcc.o(i.RCC_PLL_GetFreqDomain_I2S1) refers to stm32g0xx_ll_rcc.o(i.LL_RCC_PLL_GetN) for LL_RCC_PLL_GetN
    stm32g0xx_ll_rcc.o(i.RCC_PLL_GetFreqDomain_I2S1) refers to uidiv.o(.text) for __aeabi_uidivmod
    stm32g0xx_ll_rcc.o(i.RCC_PLL_GetFreqDomain_SYS) refers to stm32g0xx_ll_rcc.o(i.LL_RCC_PLL_GetMainSource) for LL_RCC_PLL_GetMainSource
    stm32g0xx_ll_rcc.o(i.RCC_PLL_GetFreqDomain_SYS) refers to stm32g0xx_ll_rcc.o(i.LL_RCC_PLL_GetDivider) for LL_RCC_PLL_GetDivider
    stm32g0xx_ll_rcc.o(i.RCC_PLL_GetFreqDomain_SYS) refers to stm32g0xx_ll_rcc.o(i.LL_RCC_PLL_GetN) for LL_RCC_PLL_GetN
    stm32g0xx_ll_rcc.o(i.RCC_PLL_GetFreqDomain_SYS) refers to uidiv.o(.text) for __aeabi_uidivmod
    stm32g0xx_ll_rcc.o(i.RCC_PLL_GetFreqDomain_TIM1) refers to stm32g0xx_ll_rcc.o(i.LL_RCC_PLL_GetMainSource) for LL_RCC_PLL_GetMainSource
    stm32g0xx_ll_rcc.o(i.RCC_PLL_GetFreqDomain_TIM1) refers to stm32g0xx_ll_rcc.o(i.LL_RCC_PLL_GetDivider) for LL_RCC_PLL_GetDivider
    stm32g0xx_ll_rcc.o(i.RCC_PLL_GetFreqDomain_TIM1) refers to stm32g0xx_ll_rcc.o(i.LL_RCC_PLL_GetN) for LL_RCC_PLL_GetN
    stm32g0xx_ll_rcc.o(i.RCC_PLL_GetFreqDomain_TIM1) refers to uidiv.o(.text) for __aeabi_uidivmod
    stm32g0xx_ll_rtc.o(i.LL_RTC_ALMA_Init) refers to uidiv.o(.text) for __aeabi_uidivmod
    stm32g0xx_ll_rtc.o(i.LL_RTC_ALMA_Init) refers to stm32g0xx_ll_rtc.o(i.LL_RTC_ALMA_ConfigTime) for LL_RTC_ALMA_ConfigTime
    stm32g0xx_ll_rtc.o(i.LL_RTC_ALMB_Init) refers to uidiv.o(.text) for __aeabi_uidivmod
    stm32g0xx_ll_rtc.o(i.LL_RTC_ALMB_Init) refers to stm32g0xx_ll_rtc.o(i.LL_RTC_ALMB_ConfigTime) for LL_RTC_ALMB_ConfigTime
    stm32g0xx_ll_rtc.o(i.LL_RTC_DATE_Init) refers to stm32g0xx_ll_rtc.o(i.LL_RTC_EnterInitMode) for LL_RTC_EnterInitMode
    stm32g0xx_ll_rtc.o(i.LL_RTC_DATE_Init) refers to uidiv.o(.text) for __aeabi_uidivmod
    stm32g0xx_ll_rtc.o(i.LL_RTC_DATE_Init) refers to stm32g0xx_ll_rtc.o(i.LL_RTC_DATE_Config) for LL_RTC_DATE_Config
    stm32g0xx_ll_rtc.o(i.LL_RTC_DATE_Init) refers to stm32g0xx_ll_rtc.o(i.LL_RTC_WaitForSynchro) for LL_RTC_WaitForSynchro
    stm32g0xx_ll_rtc.o(i.LL_RTC_DeInit) refers to stm32g0xx_ll_rtc.o(i.LL_RTC_EnterInitMode) for LL_RTC_EnterInitMode
    stm32g0xx_ll_rtc.o(i.LL_RTC_DeInit) refers to stm32g0xx_ll_rtc.o(i.LL_RTC_WaitForSynchro) for LL_RTC_WaitForSynchro
    stm32g0xx_ll_rtc.o(i.LL_RTC_Init) refers to stm32g0xx_ll_rtc.o(i.LL_RTC_EnterInitMode) for LL_RTC_EnterInitMode
    stm32g0xx_ll_rtc.o(i.LL_RTC_TIME_Init) refers to stm32g0xx_ll_rtc.o(i.LL_RTC_EnterInitMode) for LL_RTC_EnterInitMode
    stm32g0xx_ll_rtc.o(i.LL_RTC_TIME_Init) refers to uidiv.o(.text) for __aeabi_uidivmod
    stm32g0xx_ll_rtc.o(i.LL_RTC_TIME_Init) refers to stm32g0xx_ll_rtc.o(i.LL_RTC_TIME_Config) for LL_RTC_TIME_Config
    stm32g0xx_ll_rtc.o(i.LL_RTC_TIME_Init) refers to stm32g0xx_ll_rtc.o(i.LL_RTC_WaitForSynchro) for LL_RTC_WaitForSynchro
    stm32g0xx_ll_spi.o(i.LL_I2S_DeInit) refers to stm32g0xx_ll_spi.o(i.LL_SPI_DeInit) for LL_SPI_DeInit
    stm32g0xx_ll_spi.o(i.LL_I2S_Init) refers to stm32g0xx_ll_rcc.o(i.LL_RCC_GetSystemClocksFreq) for LL_RCC_GetSystemClocksFreq
    stm32g0xx_ll_spi.o(i.LL_I2S_Init) refers to uidiv.o(.text) for __aeabi_uidivmod
    stm32g0xx_ll_tim.o(i.LL_TIM_DeInit) refers to stm32g0xx_ll_tim.o(i.LL_APB2_GRP1_ForceReset) for LL_APB2_GRP1_ForceReset
    stm32g0xx_ll_tim.o(i.LL_TIM_DeInit) refers to stm32g0xx_ll_tim.o(i.LL_APB2_GRP1_ReleaseReset) for LL_APB2_GRP1_ReleaseReset
    stm32g0xx_ll_tim.o(i.LL_TIM_OC_Init) refers to stm32g0xx_ll_tim.o(i.OC1Config) for OC1Config
    stm32g0xx_ll_tim.o(i.LL_TIM_OC_Init) refers to stm32g0xx_ll_tim.o(i.OC2Config) for OC2Config
    stm32g0xx_ll_tim.o(i.LL_TIM_OC_Init) refers to stm32g0xx_ll_tim.o(i.OC3Config) for OC3Config
    stm32g0xx_ll_usart.o(i.LL_USART_Init) refers to stm32g0xx_ll_rcc.o(i.LL_RCC_GetUSARTClockFreq) for LL_RCC_GetUSARTClockFreq
    stm32g0xx_ll_usart.o(i.LL_USART_Init) refers to stm32g0xx_ll_rcc.o(i.LL_RCC_GetSystemClocksFreq) for LL_RCC_GetSystemClocksFreq
    stm32g0xx_ll_usart.o(i.LL_USART_Init) refers to uidiv.o(.text) for __aeabi_uidivmod
    stm32g0xx_ll_usart.o(i.LL_USART_Init) refers to stm32g0xx_ll_usart.o(.constdata) for .constdata
    stm32g0xx_ll_utils.o(i.LL_Init1msTick) refers to uidiv.o(.text) for __aeabi_uidivmod
    stm32g0xx_ll_utils.o(i.LL_PLL_ConfigSystemClock_HSE) refers to stm32g0xx_ll_utils.o(i.UTILS_PLL_IsBusy) for UTILS_PLL_IsBusy
    stm32g0xx_ll_utils.o(i.LL_PLL_ConfigSystemClock_HSE) refers to stm32g0xx_ll_utils.o(i.UTILS_GetPLLOutputFrequency) for UTILS_GetPLLOutputFrequency
    stm32g0xx_ll_utils.o(i.LL_PLL_ConfigSystemClock_HSE) refers to stm32g0xx_ll_utils.o(i.LL_RCC_PLL_ConfigDomain_SYS) for LL_RCC_PLL_ConfigDomain_SYS
    stm32g0xx_ll_utils.o(i.LL_PLL_ConfigSystemClock_HSE) refers to stm32g0xx_ll_utils.o(i.UTILS_EnablePLLAndSwitchSystem) for UTILS_EnablePLLAndSwitchSystem
    stm32g0xx_ll_utils.o(i.LL_PLL_ConfigSystemClock_HSI) refers to stm32g0xx_ll_utils.o(i.UTILS_PLL_IsBusy) for UTILS_PLL_IsBusy
    stm32g0xx_ll_utils.o(i.LL_PLL_ConfigSystemClock_HSI) refers to stm32g0xx_ll_utils.o(i.UTILS_GetPLLOutputFrequency) for UTILS_GetPLLOutputFrequency
    stm32g0xx_ll_utils.o(i.LL_PLL_ConfigSystemClock_HSI) refers to stm32g0xx_ll_utils.o(i.LL_RCC_PLL_ConfigDomain_SYS) for LL_RCC_PLL_ConfigDomain_SYS
    stm32g0xx_ll_utils.o(i.LL_PLL_ConfigSystemClock_HSI) refers to stm32g0xx_ll_utils.o(i.UTILS_EnablePLLAndSwitchSystem) for UTILS_EnablePLLAndSwitchSystem
    stm32g0xx_ll_utils.o(i.LL_SetSystemCoreClock) refers to system_stm32g0xx.o(.data) for SystemCoreClock
    stm32g0xx_ll_utils.o(i.UTILS_EnablePLLAndSwitchSystem) refers to stm32g0xx_ll_utils.o(i.UTILS_SetFlashLatency) for UTILS_SetFlashLatency
    stm32g0xx_ll_utils.o(i.UTILS_EnablePLLAndSwitchSystem) refers to system_stm32g0xx.o(.constdata) for AHBPrescTable
    stm32g0xx_ll_utils.o(i.UTILS_EnablePLLAndSwitchSystem) refers to system_stm32g0xx.o(.data) for SystemCoreClock
    stm32g0xx_ll_utils.o(i.UTILS_GetPLLOutputFrequency) refers to uidiv.o(.text) for __aeabi_uidivmod
    entry.o(.ARM.Collect$$$$00000000) refers (Special) to entry10a.o(.ARM.Collect$$$$0000000F) for __rt_final_cpp
    entry.o(.ARM.Collect$$$$00000000) refers (Special) to entry11a.o(.ARM.Collect$$$$00000011) for __rt_final_exit
    entry.o(.ARM.Collect$$$$00000000) refers (Special) to entry12b.o(.ARM.Collect$$$$0000000E) for __rt_lib_shutdown_fini
    entry.o(.ARM.Collect$$$$00000000) refers (Special) to entry7b.o(.ARM.Collect$$$$00000008) for _main_clock
    entry.o(.ARM.Collect$$$$00000000) refers (Special) to entry8b.o(.ARM.Collect$$$$0000000A) for _main_cpp_init
    entry.o(.ARM.Collect$$$$00000000) refers (Special) to entry9a.o(.ARM.Collect$$$$0000000B) for _main_init
    entry.o(.ARM.Collect$$$$00000000) refers (Special) to entry5.o(.ARM.Collect$$$$00000004) for _main_scatterload
    entry.o(.ARM.Collect$$$$00000000) refers (Special) to entry2.o(.ARM.Collect$$$$00000001) for _main_stk
    uldiv.o(.text) refers to llushr.o(.text) for __aeabi_llsr
    uldiv.o(.text) refers to llshl.o(.text) for __aeabi_llsl
    printfb.o(i.__0fprintf$bare) refers to printfb.o(i._printf_core) for _printf_core
    printfb.o(i.__0fprintf$bare) refers to fputc.o(i.fputc) for fputc
    printfb.o(i.__0printf$bare) refers to printfb.o(i._printf_core) for _printf_core
    printfb.o(i.__0printf$bare) refers to fputc.o(i.fputc) for fputc
    printfb.o(i.__0printf$bare) refers to stdout.o(.data) for __stdout
    printfb.o(i.__0snprintf$bare) refers to printfb.o(i._printf_core) for _printf_core
    printfb.o(i.__0snprintf$bare) refers to printfb.o(i._snputc) for _snputc
    printfb.o(i.__0sprintf$bare) refers to printfb.o(i._printf_core) for _printf_core
    printfb.o(i.__0sprintf$bare) refers to printfb.o(i._sputc) for _sputc
    printfb.o(i.__0vfprintf$bare) refers to printfb.o(i._printf_core) for _printf_core
    printfb.o(i.__0vfprintf$bare) refers to fputc.o(i.fputc) for fputc
    printfb.o(i.__0vprintf$bare) refers to printfb.o(i._printf_core) for _printf_core
    printfb.o(i.__0vprintf$bare) refers to fputc.o(i.fputc) for fputc
    printfb.o(i.__0vprintf$bare) refers to stdout.o(.data) for __stdout
    printfb.o(i.__0vsnprintf$bare) refers to printfb.o(i._printf_core) for _printf_core
    printfb.o(i.__0vsnprintf$bare) refers to printfb.o(i._snputc) for _snputc
    printfb.o(i.__0vsprintf$bare) refers to printfb.o(i._printf_core) for _printf_core
    printfb.o(i.__0vsprintf$bare) refers to printfb.o(i._sputc) for _sputc
    printf0.o(i.__0fprintf$0) refers to printf0.o(i._printf_core) for _printf_core
    printf0.o(i.__0fprintf$0) refers to fputc.o(i.fputc) for fputc
    printf0.o(i.__0printf$0) refers to printf0.o(i._printf_core) for _printf_core
    printf0.o(i.__0printf$0) refers to fputc.o(i.fputc) for fputc
    printf0.o(i.__0printf$0) refers to stdout.o(.data) for __stdout
    printf0.o(i.__0snprintf$0) refers to printf0.o(i._printf_core) for _printf_core
    printf0.o(i.__0snprintf$0) refers to printf0.o(i._snputc) for _snputc
    printf0.o(i.__0sprintf$0) refers to printf0.o(i._printf_core) for _printf_core
    printf0.o(i.__0sprintf$0) refers to printf0.o(i._sputc) for _sputc
    printf0.o(i.__0vfprintf$0) refers to printf0.o(i._printf_core) for _printf_core
    printf0.o(i.__0vfprintf$0) refers to fputc.o(i.fputc) for fputc
    printf0.o(i.__0vprintf$0) refers to printf0.o(i._printf_core) for _printf_core
    printf0.o(i.__0vprintf$0) refers to fputc.o(i.fputc) for fputc
    printf0.o(i.__0vprintf$0) refers to stdout.o(.data) for __stdout
    printf0.o(i.__0vsnprintf$0) refers to printf0.o(i._printf_core) for _printf_core
    printf0.o(i.__0vsnprintf$0) refers to printf0.o(i._snputc) for _snputc
    printf0.o(i.__0vsprintf$0) refers to printf0.o(i._printf_core) for _printf_core
    printf0.o(i.__0vsprintf$0) refers to printf0.o(i._sputc) for _sputc
    printf1.o(i.__0fprintf$1) refers to printf1.o(i._printf_core) for _printf_core
    printf1.o(i.__0fprintf$1) refers to fputc.o(i.fputc) for fputc
    printf1.o(i.__0printf$1) refers to printf1.o(i._printf_core) for _printf_core
    printf1.o(i.__0printf$1) refers to fputc.o(i.fputc) for fputc
    printf1.o(i.__0printf$1) refers to stdout.o(.data) for __stdout
    printf1.o(i.__0snprintf$1) refers to printf1.o(i._printf_core) for _printf_core
    printf1.o(i.__0snprintf$1) refers to printf1.o(i._snputc) for _snputc
    printf1.o(i.__0sprintf$1) refers to printf1.o(i._printf_core) for _printf_core
    printf1.o(i.__0sprintf$1) refers to printf1.o(i._sputc) for _sputc
    printf1.o(i.__0vfprintf$1) refers to printf1.o(i._printf_core) for _printf_core
    printf1.o(i.__0vfprintf$1) refers to fputc.o(i.fputc) for fputc
    printf1.o(i.__0vprintf$1) refers to printf1.o(i._printf_core) for _printf_core
    printf1.o(i.__0vprintf$1) refers to fputc.o(i.fputc) for fputc
    printf1.o(i.__0vprintf$1) refers to stdout.o(.data) for __stdout
    printf1.o(i.__0vsnprintf$1) refers to printf1.o(i._printf_core) for _printf_core
    printf1.o(i.__0vsnprintf$1) refers to printf1.o(i._snputc) for _snputc
    printf1.o(i.__0vsprintf$1) refers to printf1.o(i._printf_core) for _printf_core
    printf1.o(i.__0vsprintf$1) refers to printf1.o(i._sputc) for _sputc
    printf1.o(i._printf_core) refers to uidiv.o(.text) for __aeabi_uidivmod
    printf2.o(i.__0fprintf$2) refers to printf2.o(i._printf_core) for _printf_core
    printf2.o(i.__0fprintf$2) refers to fputc.o(i.fputc) for fputc
    printf2.o(i.__0printf$2) refers to printf2.o(i._printf_core) for _printf_core
    printf2.o(i.__0printf$2) refers to fputc.o(i.fputc) for fputc
    printf2.o(i.__0printf$2) refers to stdout.o(.data) for __stdout
    printf2.o(i.__0snprintf$2) refers to printf2.o(i._printf_core) for _printf_core
    printf2.o(i.__0snprintf$2) refers to printf2.o(i._snputc) for _snputc
    printf2.o(i.__0sprintf$2) refers to printf2.o(i._printf_core) for _printf_core
    printf2.o(i.__0sprintf$2) refers to printf2.o(i._sputc) for _sputc
    printf2.o(i.__0vfprintf$2) refers to printf2.o(i._printf_core) for _printf_core
    printf2.o(i.__0vfprintf$2) refers to fputc.o(i.fputc) for fputc
    printf2.o(i.__0vprintf$2) refers to printf2.o(i._printf_core) for _printf_core
    printf2.o(i.__0vprintf$2) refers to fputc.o(i.fputc) for fputc
    printf2.o(i.__0vprintf$2) refers to stdout.o(.data) for __stdout
    printf2.o(i.__0vsnprintf$2) refers to printf2.o(i._printf_core) for _printf_core
    printf2.o(i.__0vsnprintf$2) refers to printf2.o(i._snputc) for _snputc
    printf2.o(i.__0vsprintf$2) refers to printf2.o(i._printf_core) for _printf_core
    printf2.o(i.__0vsprintf$2) refers to printf2.o(i._sputc) for _sputc
    printf3.o(i.__0fprintf$3) refers to printf3.o(i._printf_core) for _printf_core
    printf3.o(i.__0fprintf$3) refers to fputc.o(i.fputc) for fputc
    printf3.o(i.__0printf$3) refers to printf3.o(i._printf_core) for _printf_core
    printf3.o(i.__0printf$3) refers to fputc.o(i.fputc) for fputc
    printf3.o(i.__0printf$3) refers to stdout.o(.data) for __stdout
    printf3.o(i.__0snprintf$3) refers to printf3.o(i._printf_core) for _printf_core
    printf3.o(i.__0snprintf$3) refers to printf3.o(i._snputc) for _snputc
    printf3.o(i.__0sprintf$3) refers to printf3.o(i._printf_core) for _printf_core
    printf3.o(i.__0sprintf$3) refers to printf3.o(i._sputc) for _sputc
    printf3.o(i.__0vfprintf$3) refers to printf3.o(i._printf_core) for _printf_core
    printf3.o(i.__0vfprintf$3) refers to fputc.o(i.fputc) for fputc
    printf3.o(i.__0vprintf$3) refers to printf3.o(i._printf_core) for _printf_core
    printf3.o(i.__0vprintf$3) refers to fputc.o(i.fputc) for fputc
    printf3.o(i.__0vprintf$3) refers to stdout.o(.data) for __stdout
    printf3.o(i.__0vsnprintf$3) refers to printf3.o(i._printf_core) for _printf_core
    printf3.o(i.__0vsnprintf$3) refers to printf3.o(i._snputc) for _snputc
    printf3.o(i.__0vsprintf$3) refers to printf3.o(i._printf_core) for _printf_core
    printf3.o(i.__0vsprintf$3) refers to printf3.o(i._sputc) for _sputc
    printf3.o(i._printf_core) refers to uidiv.o(.text) for __aeabi_uidivmod
    printf4.o(i.__0fprintf$4) refers to printf4.o(i._printf_core) for _printf_core
    printf4.o(i.__0fprintf$4) refers to fputc.o(i.fputc) for fputc
    printf4.o(i.__0printf$4) refers to printf4.o(i._printf_core) for _printf_core
    printf4.o(i.__0printf$4) refers to fputc.o(i.fputc) for fputc
    printf4.o(i.__0printf$4) refers to stdout.o(.data) for __stdout
    printf4.o(i.__0snprintf$4) refers to printf4.o(i._printf_core) for _printf_core
    printf4.o(i.__0snprintf$4) refers to printf4.o(i._snputc) for _snputc
    printf4.o(i.__0sprintf$4) refers to printf4.o(i._printf_core) for _printf_core
    printf4.o(i.__0sprintf$4) refers to printf4.o(i._sputc) for _sputc
    printf4.o(i.__0vfprintf$4) refers to printf4.o(i._printf_core) for _printf_core
    printf4.o(i.__0vfprintf$4) refers to fputc.o(i.fputc) for fputc
    printf4.o(i.__0vprintf$4) refers to printf4.o(i._printf_core) for _printf_core
    printf4.o(i.__0vprintf$4) refers to fputc.o(i.fputc) for fputc
    printf4.o(i.__0vprintf$4) refers to stdout.o(.data) for __stdout
    printf4.o(i.__0vsnprintf$4) refers to printf4.o(i._printf_core) for _printf_core
    printf4.o(i.__0vsnprintf$4) refers to printf4.o(i._snputc) for _snputc
    printf4.o(i.__0vsprintf$4) refers to printf4.o(i._printf_core) for _printf_core
    printf4.o(i.__0vsprintf$4) refers to printf4.o(i._sputc) for _sputc
    printf4.o(i._printf_core) refers to uldiv.o(.text) for __aeabi_uldivmod
    printf5.o(i.__0fprintf$5) refers to printf5.o(i._printf_core) for _printf_core
    printf5.o(i.__0fprintf$5) refers to fputc.o(i.fputc) for fputc
    printf5.o(i.__0printf$5) refers to printf5.o(i._printf_core) for _printf_core
    printf5.o(i.__0printf$5) refers to fputc.o(i.fputc) for fputc
    printf5.o(i.__0printf$5) refers to stdout.o(.data) for __stdout
    printf5.o(i.__0snprintf$5) refers to printf5.o(i._printf_core) for _printf_core
    printf5.o(i.__0snprintf$5) refers to printf5.o(i._snputc) for _snputc
    printf5.o(i.__0sprintf$5) refers to printf5.o(i._printf_core) for _printf_core
    printf5.o(i.__0sprintf$5) refers to printf5.o(i._sputc) for _sputc
    printf5.o(i.__0vfprintf$5) refers to printf5.o(i._printf_core) for _printf_core
    printf5.o(i.__0vfprintf$5) refers to fputc.o(i.fputc) for fputc
    printf5.o(i.__0vprintf$5) refers to printf5.o(i._printf_core) for _printf_core
    printf5.o(i.__0vprintf$5) refers to fputc.o(i.fputc) for fputc
    printf5.o(i.__0vprintf$5) refers to stdout.o(.data) for __stdout
    printf5.o(i.__0vsnprintf$5) refers to printf5.o(i._printf_core) for _printf_core
    printf5.o(i.__0vsnprintf$5) refers to printf5.o(i._snputc) for _snputc
    printf5.o(i.__0vsprintf$5) refers to printf5.o(i._printf_core) for _printf_core
    printf5.o(i.__0vsprintf$5) refers to printf5.o(i._sputc) for _sputc
    printf5.o(i._printf_core) refers to uldiv.o(.text) for __aeabi_uldivmod
    printf6.o(i.__0fprintf$6) refers to printf6.o(i._printf_core) for _printf_core
    printf6.o(i.__0fprintf$6) refers to fputc.o(i.fputc) for fputc
    printf6.o(i.__0printf$6) refers to printf6.o(i._printf_core) for _printf_core
    printf6.o(i.__0printf$6) refers to fputc.o(i.fputc) for fputc
    printf6.o(i.__0printf$6) refers to stdout.o(.data) for __stdout
    printf6.o(i.__0snprintf$6) refers to printf6.o(i._printf_core) for _printf_core
    printf6.o(i.__0snprintf$6) refers to printf6.o(i._snputc) for _snputc
    printf6.o(i.__0sprintf$6) refers to printf6.o(i._printf_core) for _printf_core
    printf6.o(i.__0sprintf$6) refers to printf6.o(i._sputc) for _sputc
    printf6.o(i.__0vfprintf$6) refers to printf6.o(i._printf_core) for _printf_core
    printf6.o(i.__0vfprintf$6) refers to fputc.o(i.fputc) for fputc
    printf6.o(i.__0vprintf$6) refers to printf6.o(i._printf_core) for _printf_core
    printf6.o(i.__0vprintf$6) refers to fputc.o(i.fputc) for fputc
    printf6.o(i.__0vprintf$6) refers to stdout.o(.data) for __stdout
    printf6.o(i.__0vsnprintf$6) refers to printf6.o(i._printf_core) for _printf_core
    printf6.o(i.__0vsnprintf$6) refers to printf6.o(i._snputc) for _snputc
    printf6.o(i.__0vsprintf$6) refers to printf6.o(i._printf_core) for _printf_core
    printf6.o(i.__0vsprintf$6) refers to printf6.o(i._sputc) for _sputc
    printf6.o(i._printf_core) refers to printf6.o(i._printf_pre_padding) for _printf_pre_padding
    printf6.o(i._printf_core) refers to printf6.o(i._printf_post_padding) for _printf_post_padding
    printf6.o(i._printf_core) refers to uidiv.o(.text) for __aeabi_uidivmod
    printf7.o(i.__0fprintf$7) refers to printf7.o(i._printf_core) for _printf_core
    printf7.o(i.__0fprintf$7) refers to fputc.o(i.fputc) for fputc
    printf7.o(i.__0printf$7) refers to printf7.o(i._printf_core) for _printf_core
    printf7.o(i.__0printf$7) refers to fputc.o(i.fputc) for fputc
    printf7.o(i.__0printf$7) refers to stdout.o(.data) for __stdout
    printf7.o(i.__0snprintf$7) refers to printf7.o(i._printf_core) for _printf_core
    printf7.o(i.__0snprintf$7) refers to printf7.o(i._snputc) for _snputc
    printf7.o(i.__0sprintf$7) refers to printf7.o(i._printf_core) for _printf_core
    printf7.o(i.__0sprintf$7) refers to printf7.o(i._sputc) for _sputc
    printf7.o(i.__0vfprintf$7) refers to printf7.o(i._printf_core) for _printf_core
    printf7.o(i.__0vfprintf$7) refers to fputc.o(i.fputc) for fputc
    printf7.o(i.__0vprintf$7) refers to printf7.o(i._printf_core) for _printf_core
    printf7.o(i.__0vprintf$7) refers to fputc.o(i.fputc) for fputc
    printf7.o(i.__0vprintf$7) refers to stdout.o(.data) for __stdout
    printf7.o(i.__0vsnprintf$7) refers to printf7.o(i._printf_core) for _printf_core
    printf7.o(i.__0vsnprintf$7) refers to printf7.o(i._snputc) for _snputc
    printf7.o(i.__0vsprintf$7) refers to printf7.o(i._printf_core) for _printf_core
    printf7.o(i.__0vsprintf$7) refers to printf7.o(i._sputc) for _sputc
    printf7.o(i._printf_core) refers to printf7.o(i._printf_pre_padding) for _printf_pre_padding
    printf7.o(i._printf_core) refers to printf7.o(i._printf_post_padding) for _printf_post_padding
    printf7.o(i._printf_core) refers to uldiv.o(.text) for __aeabi_uldivmod
    printf8.o(i.__0fprintf$8) refers to printf8.o(i._printf_core) for _printf_core
    printf8.o(i.__0fprintf$8) refers to fputc.o(i.fputc) for fputc
    printf8.o(i.__0printf$8) refers to printf8.o(i._printf_core) for _printf_core
    printf8.o(i.__0printf$8) refers to fputc.o(i.fputc) for fputc
    printf8.o(i.__0printf$8) refers to stdout.o(.data) for __stdout
    printf8.o(i.__0snprintf$8) refers to printf8.o(i._printf_core) for _printf_core
    printf8.o(i.__0snprintf$8) refers to printf8.o(i._snputc) for _snputc
    printf8.o(i.__0sprintf$8) refers to printf8.o(i._printf_core) for _printf_core
    printf8.o(i.__0sprintf$8) refers to printf8.o(i._sputc) for _sputc
    printf8.o(i.__0vfprintf$8) refers to printf8.o(i._printf_core) for _printf_core
    printf8.o(i.__0vfprintf$8) refers to fputc.o(i.fputc) for fputc
    printf8.o(i.__0vprintf$8) refers to printf8.o(i._printf_core) for _printf_core
    printf8.o(i.__0vprintf$8) refers to fputc.o(i.fputc) for fputc
    printf8.o(i.__0vprintf$8) refers to stdout.o(.data) for __stdout
    printf8.o(i.__0vsnprintf$8) refers to printf8.o(i._printf_core) for _printf_core
    printf8.o(i.__0vsnprintf$8) refers to printf8.o(i._snputc) for _snputc
    printf8.o(i.__0vsprintf$8) refers to printf8.o(i._printf_core) for _printf_core
    printf8.o(i.__0vsprintf$8) refers to printf8.o(i._sputc) for _sputc
    printf8.o(i._printf_core) refers to printf8.o(i._printf_pre_padding) for _printf_pre_padding
    printf8.o(i._printf_core) refers to printf8.o(i._printf_post_padding) for _printf_post_padding
    printf8.o(i._printf_core) refers to uldiv.o(.text) for __aeabi_uldivmod
    printfa.o(i.__0fprintf) refers (Special) to iusefp.o(.text) for __I$use$fp
    printfa.o(i.__0fprintf) refers to printfa.o(i._printf_core) for _printf_core
    printfa.o(i.__0fprintf) refers to fputc.o(i.fputc) for fputc
    printfa.o(i.__0printf) refers (Special) to iusefp.o(.text) for __I$use$fp
    printfa.o(i.__0printf) refers to printfa.o(i._printf_core) for _printf_core
    printfa.o(i.__0printf) refers to fputc.o(i.fputc) for fputc
    printfa.o(i.__0printf) refers to stdout.o(.data) for __stdout
    printfa.o(i.__0snprintf) refers (Special) to iusefp.o(.text) for __I$use$fp
    printfa.o(i.__0snprintf) refers to printfa.o(i._printf_core) for _printf_core
    printfa.o(i.__0snprintf) refers to printfa.o(i._snputc) for _snputc
    printfa.o(i.__0sprintf) refers (Special) to iusefp.o(.text) for __I$use$fp
    printfa.o(i.__0sprintf) refers to printfa.o(i._printf_core) for _printf_core
    printfa.o(i.__0sprintf) refers to printfa.o(i._sputc) for _sputc
    printfa.o(i.__0vfprintf) refers (Special) to iusefp.o(.text) for __I$use$fp
    printfa.o(i.__0vfprintf) refers to printfa.o(i._printf_core) for _printf_core
    printfa.o(i.__0vfprintf) refers to fputc.o(i.fputc) for fputc
    printfa.o(i.__0vprintf) refers (Special) to iusefp.o(.text) for __I$use$fp
    printfa.o(i.__0vprintf) refers to printfa.o(i._printf_core) for _printf_core
    printfa.o(i.__0vprintf) refers to fputc.o(i.fputc) for fputc
    printfa.o(i.__0vprintf) refers to stdout.o(.data) for __stdout
    printfa.o(i.__0vsnprintf) refers (Special) to iusefp.o(.text) for __I$use$fp
    printfa.o(i.__0vsnprintf) refers to printfa.o(i._printf_core) for _printf_core
    printfa.o(i.__0vsnprintf) refers to printfa.o(i._snputc) for _snputc
    printfa.o(i.__0vsprintf) refers (Special) to iusefp.o(.text) for __I$use$fp
    printfa.o(i.__0vsprintf) refers to printfa.o(i._printf_core) for _printf_core
    printfa.o(i.__0vsprintf) refers to printfa.o(i._sputc) for _sputc
    printfa.o(i._fp_digits) refers (Special) to iusefp.o(.text) for __I$use$fp
    printfa.o(i._fp_digits) refers to dmul.o(.text) for __aeabi_dmul
    printfa.o(i._fp_digits) refers to ddiv.o(.text) for __aeabi_ddiv
    printfa.o(i._fp_digits) refers to cdrcmple.o(.text) for __aeabi_cdrcmple
    printfa.o(i._fp_digits) refers to dadd.o(.text) for __aeabi_dadd
    printfa.o(i._fp_digits) refers to dfixul.o(.text) for __aeabi_d2ulz
    printfa.o(i._fp_digits) refers to uldiv.o(.text) for __aeabi_uldivmod
    printfa.o(i._printf_core) refers (Special) to iusefp.o(.text) for __I$use$fp
    printfa.o(i._printf_core) refers to printfa.o(i._printf_pre_padding) for _printf_pre_padding
    printfa.o(i._printf_core) refers to uldiv.o(.text) for __aeabi_uldivmod
    printfa.o(i._printf_core) refers to printfa.o(i._printf_post_padding) for _printf_post_padding
    printfa.o(i._printf_core) refers to printfa.o(i._fp_digits) for _fp_digits
    printfa.o(i._printf_core) refers to uidiv.o(.text) for __aeabi_uidivmod
    printfa.o(i._printf_post_padding) refers (Special) to iusefp.o(.text) for __I$use$fp
    printfa.o(i._printf_pre_padding) refers (Special) to iusefp.o(.text) for __I$use$fp
    printfa.o(i._snputc) refers (Special) to iusefp.o(.text) for __I$use$fp
    printfa.o(i._sputc) refers (Special) to iusefp.o(.text) for __I$use$fp
    entry2.o(.ARM.Collect$$$$00000001) refers to entry2.o(.ARM.Collect$$$$00002712) for __lit__00000000
    entry2.o(.ARM.Collect$$$$00002712) refers to startup_stm32g031xx.o(STACK) for __initial_sp
    entry2.o(__vectab_stack_and_reset_area) refers to startup_stm32g031xx.o(STACK) for __initial_sp
    entry2.o(__vectab_stack_and_reset_area) refers to entry.o(.ARM.Collect$$$$00000000) for __main
    entry5.o(.ARM.Collect$$$$00000004) refers to init.o(.text) for __scatterload
    entry9a.o(.ARM.Collect$$$$0000000B) refers to main.o(i.main) for main
    entry9b.o(.ARM.Collect$$$$0000000C) refers to main.o(i.main) for main
    fputc.o(i.fputc) refers (Special) to iusesemip.o(.text) for __I$use$semihosting$fputc
    fputc.o(i.fputc) refers (Special) to semi.o(.text) for __semihosting_library_function
    dadd.o(.text) refers to llshl.o(.text) for __aeabi_llsl
    dadd.o(.text) refers to llsshr.o(.text) for __aeabi_lasr
    dadd.o(.text) refers to depilogue.o(.text) for _double_epilogue
    dmul.o(.text) refers to depilogue.o(.text) for _double_epilogue
    ddiv.o(.text) refers to depilogue.o(.text) for _double_round
    dfixul.o(.text) refers to llushr.o(.text) for __aeabi_llsr
    dfixul.o(.text) refers to llshl.o(.text) for __aeabi_llsl
    init.o(.text) refers to entry5.o(.ARM.Collect$$$$00000004) for __main_after_scatterload
    depilogue.o(.text) refers to depilogue.o(i.__ARM_clz) for __ARM_clz
    depilogue.o(.text) refers to llshl.o(.text) for __aeabi_llsl
    depilogue.o(.text) refers to llushr.o(.text) for __aeabi_llsr


==============================================================================

Removing Unused input sections from the image.

    Removing startup_stm32g031xx.o(HEAP), (512 bytes).
    Removing main.o(.rev16_text), (4 bytes).
    Removing main.o(.revsh_text), (4 bytes).
    Removing main.o(i.Error_Handler), (2 bytes).
    Removing stm32g0xx_it.o(.rev16_text), (4 bytes).
    Removing stm32g0xx_it.o(.revsh_text), (4 bytes).
    Removing systeminit.o(.rev16_text), (4 bytes).
    Removing systeminit.o(.revsh_text), (4 bytes).
    Removing app.o(.rev16_text), (4 bytes).
    Removing app.o(.revsh_text), (4 bytes).
    Removing system_stm32g0xx.o(.rev16_text), (4 bytes).
    Removing system_stm32g0xx.o(.revsh_text), (4 bytes).
    Removing system_stm32g0xx.o(i.SystemCoreClockUpdate), (144 bytes).
    Removing stm32g0xx_ll_adc.o(.rev16_text), (4 bytes).
    Removing stm32g0xx_ll_adc.o(.revsh_text), (4 bytes).
    Removing stm32g0xx_ll_adc.o(i.LL_ADC_CommonDeInit), (28 bytes).
    Removing stm32g0xx_ll_adc.o(i.LL_ADC_CommonInit), (40 bytes).
    Removing stm32g0xx_ll_adc.o(i.LL_ADC_CommonStructInit), (8 bytes).
    Removing stm32g0xx_ll_adc.o(i.LL_ADC_DeInit), (284 bytes).
    Removing stm32g0xx_ll_adc.o(i.LL_ADC_REG_StructInit), (20 bytes).
    Removing stm32g0xx_ll_adc.o(i.LL_ADC_StructInit), (16 bytes).
    Removing stm32g0xx_ll_comp.o(.rev16_text), (4 bytes).
    Removing stm32g0xx_ll_comp.o(.revsh_text), (4 bytes).
    Removing stm32g0xx_ll_crc.o(.rev16_text), (4 bytes).
    Removing stm32g0xx_ll_crc.o(.revsh_text), (4 bytes).
    Removing stm32g0xx_ll_crc.o(i.LL_CRC_DeInit), (40 bytes).
    Removing stm32g0xx_ll_dac.o(.rev16_text), (4 bytes).
    Removing stm32g0xx_ll_dac.o(.revsh_text), (4 bytes).
    Removing stm32g0xx_ll_dma.o(.rev16_text), (4 bytes).
    Removing stm32g0xx_ll_dma.o(.revsh_text), (4 bytes).
    Removing stm32g0xx_ll_dma.o(i.LL_DMA_DeInit), (180 bytes).
    Removing stm32g0xx_ll_dma.o(i.LL_DMA_Init), (116 bytes).
    Removing stm32g0xx_ll_dma.o(i.LL_DMA_StructInit), (26 bytes).
    Removing stm32g0xx_ll_dma.o(.constdata), (5 bytes).
    Removing stm32g0xx_ll_exti.o(.rev16_text), (4 bytes).
    Removing stm32g0xx_ll_exti.o(.revsh_text), (4 bytes).
    Removing stm32g0xx_ll_exti.o(i.LL_EXTI_DeInit), (40 bytes).
    Removing stm32g0xx_ll_exti.o(i.LL_EXTI_Init), (164 bytes).
    Removing stm32g0xx_ll_exti.o(i.LL_EXTI_StructInit), (14 bytes).
    Removing stm32g0xx_ll_gpio.o(.rev16_text), (4 bytes).
    Removing stm32g0xx_ll_gpio.o(.revsh_text), (4 bytes).
    Removing stm32g0xx_ll_gpio.o(i.LL_GPIO_DeInit), (112 bytes).
    Removing stm32g0xx_ll_gpio.o(i.LL_GPIO_StructInit), (24 bytes).
    Removing stm32g0xx_ll_gpio.o(i.LL_IOP_GRP1_ForceReset), (16 bytes).
    Removing stm32g0xx_ll_gpio.o(i.LL_IOP_GRP1_ReleaseReset), (16 bytes).
    Removing stm32g0xx_ll_i2c.o(.rev16_text), (4 bytes).
    Removing stm32g0xx_ll_i2c.o(.revsh_text), (4 bytes).
    Removing stm32g0xx_ll_i2c.o(i.LL_I2C_DeInit), (60 bytes).
    Removing stm32g0xx_ll_i2c.o(i.LL_I2C_Init), (108 bytes).
    Removing stm32g0xx_ll_i2c.o(i.LL_I2C_StructInit), (22 bytes).
    Removing stm32g0xx_ll_lptim.o(.rev16_text), (4 bytes).
    Removing stm32g0xx_ll_lptim.o(.revsh_text), (4 bytes).
    Removing stm32g0xx_ll_lptim.o(i.LL_LPTIM_DeInit), (68 bytes).
    Removing stm32g0xx_ll_lptim.o(i.LL_LPTIM_Init), (48 bytes).
    Removing stm32g0xx_ll_lptim.o(i.LL_LPTIM_StructInit), (12 bytes).
    Removing stm32g0xx_ll_lpuart.o(.rev16_text), (4 bytes).
    Removing stm32g0xx_ll_lpuart.o(.revsh_text), (4 bytes).
    Removing stm32g0xx_ll_lpuart.o(i.LL_LPUART_DeInit), (40 bytes).
    Removing stm32g0xx_ll_lpuart.o(i.LL_LPUART_Init), (152 bytes).
    Removing stm32g0xx_ll_lpuart.o(i.LL_LPUART_StructInit), (22 bytes).
    Removing stm32g0xx_ll_lpuart.o(.constdata), (24 bytes).
    Removing stm32g0xx_ll_pwr.o(.rev16_text), (4 bytes).
    Removing stm32g0xx_ll_pwr.o(.revsh_text), (4 bytes).
    Removing stm32g0xx_ll_pwr.o(i.LL_PWR_DeInit), (28 bytes).
    Removing stm32g0xx_ll_rcc.o(.rev16_text), (4 bytes).
    Removing stm32g0xx_ll_rcc.o(.revsh_text), (4 bytes).
    Removing stm32g0xx_ll_rcc.o(i.LL_RCC_DeInit), (84 bytes).
    Removing stm32g0xx_ll_rcc.o(i.LL_RCC_GetADCClockFreq), (72 bytes).
    Removing stm32g0xx_ll_rcc.o(i.LL_RCC_GetI2CClockFreq), (76 bytes).
    Removing stm32g0xx_ll_rcc.o(i.LL_RCC_GetI2SClockFreq), (80 bytes).
    Removing stm32g0xx_ll_rcc.o(i.LL_RCC_GetLPTIMClockFreq), (132 bytes).
    Removing stm32g0xx_ll_rcc.o(i.LL_RCC_GetLPTIMClockSource), (16 bytes).
    Removing stm32g0xx_ll_rcc.o(i.LL_RCC_GetLPUARTClockFreq), (88 bytes).
    Removing stm32g0xx_ll_rcc.o(i.LL_RCC_GetRTCClockFreq), (76 bytes).
    Removing stm32g0xx_ll_rcc.o(i.LL_RCC_GetTIMClockFreq), (72 bytes).
    Removing stm32g0xx_ll_rcc.o(i.LL_RCC_PLL_IsReady), (16 bytes).
    Removing stm32g0xx_ll_rcc.o(i.RCC_PLL_GetFreqDomain_ADC), (68 bytes).
    Removing stm32g0xx_ll_rcc.o(i.RCC_PLL_GetFreqDomain_I2S1), (68 bytes).
    Removing stm32g0xx_ll_rcc.o(i.RCC_PLL_GetFreqDomain_TIM1), (68 bytes).
    Removing stm32g0xx_ll_rng.o(.rev16_text), (4 bytes).
    Removing stm32g0xx_ll_rng.o(.revsh_text), (4 bytes).
    Removing stm32g0xx_ll_rtc.o(.rev16_text), (4 bytes).
    Removing stm32g0xx_ll_rtc.o(.revsh_text), (4 bytes).
    Removing stm32g0xx_ll_rtc.o(i.LL_RTC_ALMA_ConfigTime), (36 bytes).
    Removing stm32g0xx_ll_rtc.o(i.LL_RTC_ALMA_Init), (200 bytes).
    Removing stm32g0xx_ll_rtc.o(i.LL_RTC_ALMA_StructInit), (20 bytes).
    Removing stm32g0xx_ll_rtc.o(i.LL_RTC_ALMB_ConfigTime), (36 bytes).
    Removing stm32g0xx_ll_rtc.o(i.LL_RTC_ALMB_Init), (200 bytes).
    Removing stm32g0xx_ll_rtc.o(i.LL_RTC_ALMB_StructInit), (20 bytes).
    Removing stm32g0xx_ll_rtc.o(i.LL_RTC_DATE_Config), (40 bytes).
    Removing stm32g0xx_ll_rtc.o(i.LL_RTC_DATE_Init), (156 bytes).
    Removing stm32g0xx_ll_rtc.o(i.LL_RTC_DATE_StructInit), (14 bytes).
    Removing stm32g0xx_ll_rtc.o(i.LL_RTC_DeInit), (96 bytes).
    Removing stm32g0xx_ll_rtc.o(i.LL_RTC_EnterInitMode), (76 bytes).
    Removing stm32g0xx_ll_rtc.o(i.LL_RTC_ExitInitMode), (10 bytes).
    Removing stm32g0xx_ll_rtc.o(i.LL_RTC_Init), (82 bytes).
    Removing stm32g0xx_ll_rtc.o(i.LL_RTC_StructInit), (14 bytes).
    Removing stm32g0xx_ll_rtc.o(i.LL_RTC_TIME_Config), (36 bytes).
    Removing stm32g0xx_ll_rtc.o(i.LL_RTC_TIME_Init), (148 bytes).
    Removing stm32g0xx_ll_rtc.o(i.LL_RTC_TIME_StructInit), (12 bytes).
    Removing stm32g0xx_ll_rtc.o(i.LL_RTC_WaitForSynchro), (116 bytes).
    Removing stm32g0xx_ll_spi.o(.rev16_text), (4 bytes).
    Removing stm32g0xx_ll_spi.o(.revsh_text), (4 bytes).
    Removing stm32g0xx_ll_spi.o(i.LL_I2S_ConfigPrescaler), (16 bytes).
    Removing stm32g0xx_ll_spi.o(i.LL_I2S_DeInit), (8 bytes).
    Removing stm32g0xx_ll_spi.o(i.LL_I2S_Init), (156 bytes).
    Removing stm32g0xx_ll_spi.o(i.LL_I2S_StructInit), (18 bytes).
    Removing stm32g0xx_ll_spi.o(i.LL_SPI_DeInit), (68 bytes).
    Removing stm32g0xx_ll_spi.o(i.LL_SPI_Init), (112 bytes).
    Removing stm32g0xx_ll_spi.o(i.LL_SPI_StructInit), (30 bytes).
    Removing stm32g0xx_ll_tim.o(.rev16_text), (4 bytes).
    Removing stm32g0xx_ll_tim.o(.revsh_text), (4 bytes).
    Removing stm32g0xx_ll_tim.o(i.LL_APB2_GRP1_ForceReset), (16 bytes).
    Removing stm32g0xx_ll_tim.o(i.LL_APB2_GRP1_ReleaseReset), (16 bytes).
    Removing stm32g0xx_ll_tim.o(i.LL_TIM_BDTR_StructInit), (30 bytes).
    Removing stm32g0xx_ll_tim.o(i.LL_TIM_DeInit), (140 bytes).
    Removing stm32g0xx_ll_tim.o(i.LL_TIM_ENCODER_Init), (100 bytes).
    Removing stm32g0xx_ll_tim.o(i.LL_TIM_ENCODER_StructInit), (28 bytes).
    Removing stm32g0xx_ll_tim.o(i.LL_TIM_HALLSENSOR_Init), (96 bytes).
    Removing stm32g0xx_ll_tim.o(i.LL_TIM_HALLSENSOR_StructInit), (12 bytes).
    Removing stm32g0xx_ll_tim.o(i.LL_TIM_IC_Init), (218 bytes).
    Removing stm32g0xx_ll_tim.o(i.LL_TIM_IC_StructInit), (14 bytes).
    Removing stm32g0xx_ll_tim.o(i.LL_TIM_OC_Init), (356 bytes).
    Removing stm32g0xx_ll_tim.o(i.LL_TIM_OC_StructInit), (20 bytes).
    Removing stm32g0xx_ll_tim.o(i.LL_TIM_StructInit), (16 bytes).
    Removing stm32g0xx_ll_tim.o(i.OC1Config), (136 bytes).
    Removing stm32g0xx_ll_tim.o(i.OC2Config), (144 bytes).
    Removing stm32g0xx_ll_tim.o(i.OC3Config), (144 bytes).
    Removing stm32g0xx_ll_ucpd.o(.rev16_text), (4 bytes).
    Removing stm32g0xx_ll_ucpd.o(.revsh_text), (4 bytes).
    Removing stm32g0xx_ll_usart.o(.rev16_text), (4 bytes).
    Removing stm32g0xx_ll_usart.o(.revsh_text), (4 bytes).
    Removing stm32g0xx_ll_usart.o(i.LL_USART_ClockInit), (62 bytes).
    Removing stm32g0xx_ll_usart.o(i.LL_USART_ClockStructInit), (12 bytes).
    Removing stm32g0xx_ll_usart.o(i.LL_USART_DeInit), (72 bytes).
    Removing stm32g0xx_ll_usart.o(i.LL_USART_StructInit), (24 bytes).
    Removing stm32g0xx_ll_utils.o(.rev16_text), (4 bytes).
    Removing stm32g0xx_ll_utils.o(.revsh_text), (4 bytes).
    Removing stm32g0xx_ll_utils.o(i.LL_PLL_ConfigSystemClock_HSE), (100 bytes).
    Removing stm32g0xx_ll_utils.o(i.LL_PLL_ConfigSystemClock_HSI), (80 bytes).
    Removing stm32g0xx_ll_utils.o(i.LL_RCC_PLL_ConfigDomain_SYS), (32 bytes).
    Removing stm32g0xx_ll_utils.o(i.LL_mDelay), (32 bytes).
    Removing stm32g0xx_ll_utils.o(i.UTILS_EnablePLLAndSwitchSystem), (156 bytes).
    Removing stm32g0xx_ll_utils.o(i.UTILS_GetPLLOutputFrequency), (36 bytes).
    Removing stm32g0xx_ll_utils.o(i.UTILS_PLL_IsBusy), (20 bytes).
    Removing stm32g0xx_ll_utils.o(i.UTILS_SetFlashLatency), (68 bytes).
    Removing dadd.o(.text), (360 bytes).
    Removing dmul.o(.text), (208 bytes).
    Removing ddiv.o(.text), (240 bytes).
    Removing dfixul.o(.text), (64 bytes).
    Removing cdrcmple.o(.text), (40 bytes).
    Removing depilogue.o(.text), (190 bytes).
    Removing depilogue.o(i.__ARM_clz), (46 bytes).

153 unused section(s) (total 8547 bytes) removed from the image.

==============================================================================

Image Symbol Table

    Local Symbols

    Symbol Name                              Value     Ov Type        Size  Object(Section)

    ../Src/main.c                            0x00000000   Number         0  main.o ABSOLUTE
    ../Src/stm32g0xx_it.c                    0x00000000   Number         0  stm32g0xx_it.o ABSOLUTE
    ../Src/system_stm32g0xx.c                0x00000000   Number         0  system_stm32g0xx.o ABSOLUTE
    ../clib/microlib/division.c              0x00000000   Number         0  uldiv.o ABSOLUTE
    ../clib/microlib/division.c              0x00000000   Number         0  uidiv.o ABSOLUTE
    ../clib/microlib/init/entry.s            0x00000000   Number         0  entry10a.o ABSOLUTE
    ../clib/microlib/init/entry.s            0x00000000   Number         0  entry10b.o ABSOLUTE
    ../clib/microlib/init/entry.s            0x00000000   Number         0  entry9b.o ABSOLUTE
    ../clib/microlib/init/entry.s            0x00000000   Number         0  entry9a.o ABSOLUTE
    ../clib/microlib/init/entry.s            0x00000000   Number         0  entry8b.o ABSOLUTE
    ../clib/microlib/init/entry.s            0x00000000   Number         0  entry8a.o ABSOLUTE
    ../clib/microlib/init/entry.s            0x00000000   Number         0  entry11a.o ABSOLUTE
    ../clib/microlib/init/entry.s            0x00000000   Number         0  entry7b.o ABSOLUTE
    ../clib/microlib/init/entry.s            0x00000000   Number         0  entry7a.o ABSOLUTE
    ../clib/microlib/init/entry.s            0x00000000   Number         0  entry11b.o ABSOLUTE
    ../clib/microlib/init/entry.s            0x00000000   Number         0  entry5.o ABSOLUTE
    ../clib/microlib/init/entry.s            0x00000000   Number         0  entry12a.o ABSOLUTE
    ../clib/microlib/init/entry.s            0x00000000   Number         0  entry12b.o ABSOLUTE
    ../clib/microlib/init/entry.s            0x00000000   Number         0  entry2.o ABSOLUTE
    ../clib/microlib/init/entry.s            0x00000000   Number         0  entry.o ABSOLUTE
    ../clib/microlib/longlong.c              0x00000000   Number         0  llshl.o ABSOLUTE
    ../clib/microlib/longlong.c              0x00000000   Number         0  llushr.o ABSOLUTE
    ../clib/microlib/longlong.c              0x00000000   Number         0  llsshr.o ABSOLUTE
    ../clib/microlib/printf/printf.c         0x00000000   Number         0  printfa.o ABSOLUTE
    ../clib/microlib/printf/printf.c         0x00000000   Number         0  printfb.o ABSOLUTE
    ../clib/microlib/printf/printf.c         0x00000000   Number         0  printf0.o ABSOLUTE
    ../clib/microlib/printf/printf.c         0x00000000   Number         0  printf1.o ABSOLUTE
    ../clib/microlib/printf/printf.c         0x00000000   Number         0  printf6.o ABSOLUTE
    ../clib/microlib/printf/printf.c         0x00000000   Number         0  printf5.o ABSOLUTE
    ../clib/microlib/printf/printf.c         0x00000000   Number         0  printf4.o ABSOLUTE
    ../clib/microlib/printf/printf.c         0x00000000   Number         0  printf2.o ABSOLUTE
    ../clib/microlib/printf/printf.c         0x00000000   Number         0  printf3.o ABSOLUTE
    ../clib/microlib/printf/printf.c         0x00000000   Number         0  printf8.o ABSOLUTE
    ../clib/microlib/printf/printf.c         0x00000000   Number         0  printf7.o ABSOLUTE
    ../clib/microlib/printf/stubs.s          0x00000000   Number         0  stubs.o ABSOLUTE
    ../clib/microlib/stdio/fputc.c           0x00000000   Number         0  fputc.o ABSOLUTE
    ../clib/microlib/stdio/semi.s            0x00000000   Number         0  semi.o ABSOLUTE
    ../clib/microlib/stdio/streams.c         0x00000000   Number         0  stdout.o ABSOLUTE
    ../clib/microlib/string/memcpy.c         0x00000000   Number         0  memcpya.o ABSOLUTE
    ../clib/microlib/string/memcpy.c         0x00000000   Number         0  memcpyb.o ABSOLUTE
    ../clib/microlib/string/memset.c         0x00000000   Number         0  memseta.o ABSOLUTE
    ../clib/microlib/string/strlen.c         0x00000000   Number         0  strlen.o ABSOLUTE
    ../clib/microlib/stubs.s                 0x00000000   Number         0  iusefp.o ABSOLUTE
    ../clib/microlib/stubs.s                 0x00000000   Number         0  iusesemip.o ABSOLUTE
    ../fplib/microlib/fpadd.c                0x00000000   Number         0  dadd.o ABSOLUTE
    ../fplib/microlib/fpdiv.c                0x00000000   Number         0  ddiv.o ABSOLUTE
    ../fplib/microlib/fpepilogue.c           0x00000000   Number         0  depilogue.o ABSOLUTE
    ../fplib/microlib/fpfix.c                0x00000000   Number         0  dfixul.o ABSOLUTE
    ../fplib/microlib/fpmul.c                0x00000000   Number         0  dmul.o ABSOLUTE
    ..\..\..\Drivers\STM32G0xx_HAL_Driver\Src\stm32g0xx_ll_adc.c 0x00000000   Number         0  stm32g0xx_ll_adc.o ABSOLUTE
    ..\..\..\Drivers\STM32G0xx_HAL_Driver\Src\stm32g0xx_ll_comp.c 0x00000000   Number         0  stm32g0xx_ll_comp.o ABSOLUTE
    ..\..\..\Drivers\STM32G0xx_HAL_Driver\Src\stm32g0xx_ll_crc.c 0x00000000   Number         0  stm32g0xx_ll_crc.o ABSOLUTE
    ..\..\..\Drivers\STM32G0xx_HAL_Driver\Src\stm32g0xx_ll_dac.c 0x00000000   Number         0  stm32g0xx_ll_dac.o ABSOLUTE
    ..\..\..\Drivers\STM32G0xx_HAL_Driver\Src\stm32g0xx_ll_dma.c 0x00000000   Number         0  stm32g0xx_ll_dma.o ABSOLUTE
    ..\..\..\Drivers\STM32G0xx_HAL_Driver\Src\stm32g0xx_ll_exti.c 0x00000000   Number         0  stm32g0xx_ll_exti.o ABSOLUTE
    ..\..\..\Drivers\STM32G0xx_HAL_Driver\Src\stm32g0xx_ll_gpio.c 0x00000000   Number         0  stm32g0xx_ll_gpio.o ABSOLUTE
    ..\..\..\Drivers\STM32G0xx_HAL_Driver\Src\stm32g0xx_ll_i2c.c 0x00000000   Number         0  stm32g0xx_ll_i2c.o ABSOLUTE
    ..\..\..\Drivers\STM32G0xx_HAL_Driver\Src\stm32g0xx_ll_lptim.c 0x00000000   Number         0  stm32g0xx_ll_lptim.o ABSOLUTE
    ..\..\..\Drivers\STM32G0xx_HAL_Driver\Src\stm32g0xx_ll_lpuart.c 0x00000000   Number         0  stm32g0xx_ll_lpuart.o ABSOLUTE
    ..\..\..\Drivers\STM32G0xx_HAL_Driver\Src\stm32g0xx_ll_pwr.c 0x00000000   Number         0  stm32g0xx_ll_pwr.o ABSOLUTE
    ..\..\..\Drivers\STM32G0xx_HAL_Driver\Src\stm32g0xx_ll_rcc.c 0x00000000   Number         0  stm32g0xx_ll_rcc.o ABSOLUTE
    ..\..\..\Drivers\STM32G0xx_HAL_Driver\Src\stm32g0xx_ll_rng.c 0x00000000   Number         0  stm32g0xx_ll_rng.o ABSOLUTE
    ..\..\..\Drivers\STM32G0xx_HAL_Driver\Src\stm32g0xx_ll_rtc.c 0x00000000   Number         0  stm32g0xx_ll_rtc.o ABSOLUTE
    ..\..\..\Drivers\STM32G0xx_HAL_Driver\Src\stm32g0xx_ll_spi.c 0x00000000   Number         0  stm32g0xx_ll_spi.o ABSOLUTE
    ..\..\..\Drivers\STM32G0xx_HAL_Driver\Src\stm32g0xx_ll_tim.c 0x00000000   Number         0  stm32g0xx_ll_tim.o ABSOLUTE
    ..\..\..\Drivers\STM32G0xx_HAL_Driver\Src\stm32g0xx_ll_ucpd.c 0x00000000   Number         0  stm32g0xx_ll_ucpd.o ABSOLUTE
    ..\..\..\Drivers\STM32G0xx_HAL_Driver\Src\stm32g0xx_ll_usart.c 0x00000000   Number         0  stm32g0xx_ll_usart.o ABSOLUTE
    ..\..\..\Drivers\STM32G0xx_HAL_Driver\Src\stm32g0xx_ll_utils.c 0x00000000   Number         0  stm32g0xx_ll_utils.o ABSOLUTE
    ..\Src\SystemInit.c                      0x00000000   Number         0  systeminit.o ABSOLUTE
    ..\Src\app.c                             0x00000000   Number         0  app.o ABSOLUTE
    ..\Src\main.c                            0x00000000   Number         0  main.o ABSOLUTE
    ..\Src\stm32g0xx_it.c                    0x00000000   Number         0  stm32g0xx_it.o ABSOLUTE
    ..\Src\system_stm32g0xx.c                0x00000000   Number         0  system_stm32g0xx.o ABSOLUTE
    ..\\..\\..\\Drivers\\STM32G0xx_HAL_Driver\\Src\\stm32g0xx_ll_adc.c 0x00000000   Number         0  stm32g0xx_ll_adc.o ABSOLUTE
    ..\\..\\..\\Drivers\\STM32G0xx_HAL_Driver\\Src\\stm32g0xx_ll_comp.c 0x00000000   Number         0  stm32g0xx_ll_comp.o ABSOLUTE
    ..\\..\\..\\Drivers\\STM32G0xx_HAL_Driver\\Src\\stm32g0xx_ll_crc.c 0x00000000   Number         0  stm32g0xx_ll_crc.o ABSOLUTE
    ..\\..\\..\\Drivers\\STM32G0xx_HAL_Driver\\Src\\stm32g0xx_ll_dac.c 0x00000000   Number         0  stm32g0xx_ll_dac.o ABSOLUTE
    ..\\..\\..\\Drivers\\STM32G0xx_HAL_Driver\\Src\\stm32g0xx_ll_dma.c 0x00000000   Number         0  stm32g0xx_ll_dma.o ABSOLUTE
    ..\\..\\..\\Drivers\\STM32G0xx_HAL_Driver\\Src\\stm32g0xx_ll_exti.c 0x00000000   Number         0  stm32g0xx_ll_exti.o ABSOLUTE
    ..\\..\\..\\Drivers\\STM32G0xx_HAL_Driver\\Src\\stm32g0xx_ll_gpio.c 0x00000000   Number         0  stm32g0xx_ll_gpio.o ABSOLUTE
    ..\\..\\..\\Drivers\\STM32G0xx_HAL_Driver\\Src\\stm32g0xx_ll_i2c.c 0x00000000   Number         0  stm32g0xx_ll_i2c.o ABSOLUTE
    ..\\..\\..\\Drivers\\STM32G0xx_HAL_Driver\\Src\\stm32g0xx_ll_lptim.c 0x00000000   Number         0  stm32g0xx_ll_lptim.o ABSOLUTE
    ..\\..\\..\\Drivers\\STM32G0xx_HAL_Driver\\Src\\stm32g0xx_ll_lpuart.c 0x00000000   Number         0  stm32g0xx_ll_lpuart.o ABSOLUTE
    ..\\..\\..\\Drivers\\STM32G0xx_HAL_Driver\\Src\\stm32g0xx_ll_pwr.c 0x00000000   Number         0  stm32g0xx_ll_pwr.o ABSOLUTE
    ..\\..\\..\\Drivers\\STM32G0xx_HAL_Driver\\Src\\stm32g0xx_ll_rcc.c 0x00000000   Number         0  stm32g0xx_ll_rcc.o ABSOLUTE
    ..\\..\\..\\Drivers\\STM32G0xx_HAL_Driver\\Src\\stm32g0xx_ll_rng.c 0x00000000   Number         0  stm32g0xx_ll_rng.o ABSOLUTE
    ..\\..\\..\\Drivers\\STM32G0xx_HAL_Driver\\Src\\stm32g0xx_ll_rtc.c 0x00000000   Number         0  stm32g0xx_ll_rtc.o ABSOLUTE
    ..\\..\\..\\Drivers\\STM32G0xx_HAL_Driver\\Src\\stm32g0xx_ll_spi.c 0x00000000   Number         0  stm32g0xx_ll_spi.o ABSOLUTE
    ..\\..\\..\\Drivers\\STM32G0xx_HAL_Driver\\Src\\stm32g0xx_ll_tim.c 0x00000000   Number         0  stm32g0xx_ll_tim.o ABSOLUTE
    ..\\..\\..\\Drivers\\STM32G0xx_HAL_Driver\\Src\\stm32g0xx_ll_ucpd.c 0x00000000   Number         0  stm32g0xx_ll_ucpd.o ABSOLUTE
    ..\\..\\..\\Drivers\\STM32G0xx_HAL_Driver\\Src\\stm32g0xx_ll_usart.c 0x00000000   Number         0  stm32g0xx_ll_usart.o ABSOLUTE
    ..\\..\\..\\Drivers\\STM32G0xx_HAL_Driver\\Src\\stm32g0xx_ll_utils.c 0x00000000   Number         0  stm32g0xx_ll_utils.o ABSOLUTE
    ..\\Src\\SystemInit.c                    0x00000000   Number         0  systeminit.o ABSOLUTE
    ..\\Src\\app.c                           0x00000000   Number         0  app.o ABSOLUTE
    cdrcmple.s                               0x00000000   Number         0  cdrcmple.o ABSOLUTE
    dc.s                                     0x00000000   Number         0  dc.o ABSOLUTE
    handlers.s                               0x00000000   Number         0  handlers.o ABSOLUTE
    init.s                                   0x00000000   Number         0  init.o ABSOLUTE
    startup_stm32g031xx.s                    0x00000000   Number         0  startup_stm32g031xx.o ABSOLUTE
    RESET                                    0x08000000   Section      192  startup_stm32g031xx.o(RESET)
    .ARM.Collect$$$$00000000                 0x080000c0   Section        0  entry.o(.ARM.Collect$$$$00000000)
    .ARM.Collect$$$$00000001                 0x080000c0   Section        4  entry2.o(.ARM.Collect$$$$00000001)
    .ARM.Collect$$$$00000004                 0x080000c4   Section        4  entry5.o(.ARM.Collect$$$$00000004)
    .ARM.Collect$$$$00000008                 0x080000c8   Section        0  entry7b.o(.ARM.Collect$$$$00000008)
    .ARM.Collect$$$$0000000A                 0x080000c8   Section        0  entry8b.o(.ARM.Collect$$$$0000000A)
    .ARM.Collect$$$$0000000B                 0x080000c8   Section        8  entry9a.o(.ARM.Collect$$$$0000000B)
    .ARM.Collect$$$$0000000E                 0x080000d0   Section        4  entry12b.o(.ARM.Collect$$$$0000000E)
    .ARM.Collect$$$$0000000F                 0x080000d4   Section        0  entry10a.o(.ARM.Collect$$$$0000000F)
    .ARM.Collect$$$$00000011                 0x080000d4   Section        0  entry11a.o(.ARM.Collect$$$$00000011)
    .ARM.Collect$$$$00002712                 0x080000d4   Section        4  entry2.o(.ARM.Collect$$$$00002712)
    __lit__00000000                          0x080000d4   Data           4  entry2.o(.ARM.Collect$$$$00002712)
    .text                                    0x080000d8   Section       28  startup_stm32g031xx.o(.text)
    .text                                    0x080000f4   Section        0  uidiv.o(.text)
    .text                                    0x08000120   Section        0  memcpya.o(.text)
    .text                                    0x08000144   Section        0  memseta.o(.text)
    .text                                    0x08000168   Section        0  strlen.o(.text)
    .text                                    0x08000178   Section       36  init.o(.text)
    i.ADC1_IRQHandler                        0x0800019c   Section        0  stm32g0xx_it.o(i.ADC1_IRQHandler)
    i.ConversionStartPoll_ADC_GrpRegular     0x080001e0   Section        0  systeminit.o(i.ConversionStartPoll_ADC_GrpRegular)
    i.FnADC1Init                             0x080002b0   Section        0  systeminit.o(i.FnADC1Init)
    i.FnADCCmd                               0x08000380   Section        0  systeminit.o(i.FnADCCmd)
    i.FnALLInit                              0x080003c8   Section        0  app.o(i.FnALLInit)
    i.FnActivateADC                          0x08000554   Section        0  systeminit.o(i.FnActivateADC)
    i.FnCheckProcessADC                      0x080005ec   Section        0  app.o(i.FnCheckProcessADC)
    i.FnDelayTimeDecrement                   0x08000bd4   Section        0  systeminit.o(i.FnDelayTimeDecrement)
    i.FnDelay_25ms                           0x08000be8   Section        0  systeminit.o(i.FnDelay_25ms)
    i.FnFireProcessStatus                    0x08000c00   Section        0  app.o(i.FnFireProcessStatus)
    i.FnGPIOInitINorOUT                      0x08000cdc   Section        0  systeminit.o(i.FnGPIOInitINorOUT)
    i.FnProcessUSERButtons                   0x08000d50   Section        0  app.o(i.FnProcessUSERButtons)
    i.FnReadAndAvgTheAdcValue                0x0800105c   Section        0  app.o(i.FnReadAndAvgTheAdcValue)
    i.FnTimer1Init                           0x0800112c   Section        0  systeminit.o(i.FnTimer1Init)
    i.FnTimerFunction                        0x08001240   Section        0  app.o(i.FnTimerFunction)
    i.FnUARTInit                             0x080012c4   Section        0  systeminit.o(i.FnUARTInit)
    i.FnUSART_SendData                       0x08001440   Section        0  systeminit.o(i.FnUSART_SendData)
    i.FnUsartPrint                           0x08001470   Section        0  app.o(i.FnUsartPrint)
    i.HardFault_Handler                      0x08001488   Section        0  stm32g0xx_it.o(i.HardFault_Handler)
    i.LL_ADC_Init                            0x0800148c   Section        0  stm32g0xx_ll_adc.o(i.LL_ADC_Init)
    i.LL_ADC_REG_Init                        0x080014c4   Section        0  stm32g0xx_ll_adc.o(i.LL_ADC_REG_Init)
    i.LL_ADC_REG_SetSequencerRanks           0x08001520   Section        0  systeminit.o(i.LL_ADC_REG_SetSequencerRanks)
    LL_ADC_REG_SetSequencerRanks             0x08001521   Thumb Code    26  systeminit.o(i.LL_ADC_REG_SetSequencerRanks)
    i.LL_ADC_SetChannelSamplingTime          0x0800153a   Section        0  systeminit.o(i.LL_ADC_SetChannelSamplingTime)
    LL_ADC_SetChannelSamplingTime            0x0800153b   Thumb Code    18  systeminit.o(i.LL_ADC_SetChannelSamplingTime)
    i.LL_ADC_SetSamplingTimeCommonChannels   0x0800154c   Section        0  systeminit.o(i.LL_ADC_SetSamplingTimeCommonChannels)
    LL_ADC_SetSamplingTimeCommonChannels     0x0800154d   Thumb Code    22  systeminit.o(i.LL_ADC_SetSamplingTimeCommonChannels)
    i.LL_APB2_GRP1_EnableClock               0x08001564   Section        0  systeminit.o(i.LL_APB2_GRP1_EnableClock)
    LL_APB2_GRP1_EnableClock                 0x08001565   Thumb Code    18  systeminit.o(i.LL_APB2_GRP1_EnableClock)
    i.LL_GPIO_Init                           0x0800157c   Section        0  stm32g0xx_ll_gpio.o(i.LL_GPIO_Init)
    i.LL_GPIO_IsInputPinSet                  0x08001624   Section        0  app.o(i.LL_GPIO_IsInputPinSet)
    LL_GPIO_IsInputPinSet                    0x08001625   Thumb Code    14  app.o(i.LL_GPIO_IsInputPinSet)
    i.LL_IOP_GRP1_EnableClock                0x08001634   Section        0  systeminit.o(i.LL_IOP_GRP1_EnableClock)
    LL_IOP_GRP1_EnableClock                  0x08001635   Thumb Code    18  systeminit.o(i.LL_IOP_GRP1_EnableClock)
    i.LL_Init1msTick                         0x0800164c   Section        0  stm32g0xx_ll_utils.o(i.LL_Init1msTick)
    i.LL_RCC_GetSystemClocksFreq             0x0800166c   Section        0  stm32g0xx_ll_rcc.o(i.LL_RCC_GetSystemClocksFreq)
    i.LL_RCC_GetUSARTClockFreq               0x08001684   Section        0  stm32g0xx_ll_rcc.o(i.LL_RCC_GetUSARTClockFreq)
    i.LL_RCC_HSI_IsReady                     0x080016e0   Section        0  stm32g0xx_ll_rcc.o(i.LL_RCC_HSI_IsReady)
    LL_RCC_HSI_IsReady                       0x080016e1   Thumb Code    10  stm32g0xx_ll_rcc.o(i.LL_RCC_HSI_IsReady)
    i.LL_RCC_LSE_IsReady                     0x080016f0   Section        0  stm32g0xx_ll_rcc.o(i.LL_RCC_LSE_IsReady)
    LL_RCC_LSE_IsReady                       0x080016f1   Thumb Code    10  stm32g0xx_ll_rcc.o(i.LL_RCC_LSE_IsReady)
    i.LL_RCC_PLL_GetDivider                  0x08001700   Section        0  stm32g0xx_ll_rcc.o(i.LL_RCC_PLL_GetDivider)
    LL_RCC_PLL_GetDivider                    0x08001701   Thumb Code    10  stm32g0xx_ll_rcc.o(i.LL_RCC_PLL_GetDivider)
    i.LL_RCC_PLL_GetMainSource               0x08001710   Section        0  stm32g0xx_ll_rcc.o(i.LL_RCC_PLL_GetMainSource)
    LL_RCC_PLL_GetMainSource                 0x08001711   Thumb Code    10  stm32g0xx_ll_rcc.o(i.LL_RCC_PLL_GetMainSource)
    i.LL_RCC_PLL_GetN                        0x08001720   Section        0  stm32g0xx_ll_rcc.o(i.LL_RCC_PLL_GetN)
    LL_RCC_PLL_GetN                          0x08001721   Thumb Code    10  stm32g0xx_ll_rcc.o(i.LL_RCC_PLL_GetN)
    i.LL_SetSystemCoreClock                  0x08001730   Section        0  stm32g0xx_ll_utils.o(i.LL_SetSystemCoreClock)
    i.LL_TIM_BDTR_Init                       0x0800173c   Section        0  stm32g0xx_ll_tim.o(i.LL_TIM_BDTR_Init)
    i.LL_TIM_Init                            0x080017c8   Section        0  stm32g0xx_ll_tim.o(i.LL_TIM_Init)
    i.LL_USART_Init                          0x0800184c   Section        0  stm32g0xx_ll_usart.o(i.LL_USART_Init)
    i.NMI_Handler                            0x0800192c   Section        0  stm32g0xx_it.o(i.NMI_Handler)
    i.PendSV_Handler                         0x0800192e   Section        0  stm32g0xx_it.o(i.PendSV_Handler)
    i.RCC_GetHCLKClockFreq                   0x08001930   Section        0  stm32g0xx_ll_rcc.o(i.RCC_GetHCLKClockFreq)
    i.RCC_GetPCLK1ClockFreq                  0x08001950   Section        0  stm32g0xx_ll_rcc.o(i.RCC_GetPCLK1ClockFreq)
    i.RCC_GetSystemClockFreq                 0x08001970   Section        0  stm32g0xx_ll_rcc.o(i.RCC_GetSystemClockFreq)
    i.RCC_PLL_GetFreqDomain_SYS              0x080019ac   Section        0  stm32g0xx_ll_rcc.o(i.RCC_PLL_GetFreqDomain_SYS)
    i.SVC_Handler                            0x080019ec   Section        0  stm32g0xx_it.o(i.SVC_Handler)
    i.SysTick_Handler                        0x080019ee   Section        0  stm32g0xx_it.o(i.SysTick_Handler)
    i.SystemClock_Config                     0x080019f0   Section        0  app.o(i.SystemClock_Config)
    i.SystemInit                             0x08001a40   Section        0  system_stm32g0xx.o(i.SystemInit)
    i.TIM1_BRK_UP_TRG_COM_IRQHandler         0x08001a50   Section        0  stm32g0xx_it.o(i.TIM1_BRK_UP_TRG_COM_IRQHandler)
    i.__0sprintf$1                           0x08001a70   Section        0  printf1.o(i.__0sprintf$1)
    i.__NVIC_EnableIRQ                       0x08001a98   Section        0  systeminit.o(i.__NVIC_EnableIRQ)
    __NVIC_EnableIRQ                         0x08001a99   Thumb Code    18  systeminit.o(i.__NVIC_EnableIRQ)
    i.__NVIC_SetPriority                     0x08001ab0   Section        0  systeminit.o(i.__NVIC_SetPriority)
    __NVIC_SetPriority                       0x08001ab1   Thumb Code    60  systeminit.o(i.__NVIC_SetPriority)
    i.__scatterload_copy                     0x08001af4   Section       14  handlers.o(i.__scatterload_copy)
    i.__scatterload_null                     0x08001b02   Section        2  handlers.o(i.__scatterload_null)
    i.__scatterload_zeroinit                 0x08001b04   Section       14  handlers.o(i.__scatterload_zeroinit)
    i._printf_core                           0x08001b14   Section        0  printf1.o(i._printf_core)
    _printf_core                             0x08001b15   Thumb Code   332  printf1.o(i._printf_core)
    i._sputc                                 0x08001c64   Section        0  printf1.o(i._sputc)
    _sputc                                   0x08001c65   Thumb Code    10  printf1.o(i._sputc)
    i.fnBuzzerAlarm                          0x08001c70   Section        0  app.o(i.fnBuzzerAlarm)
    i.main                                   0x08001cd8   Section        0  main.o(i.main)
    .constdata                               0x08001d68   Section       50  stm32g0xx_it.o(.constdata)
    .constdata                               0x08001d9c   Section       64  system_stm32g0xx.o(.constdata)
    .constdata                               0x08001ddc   Section       32  system_stm32g0xx.o(.constdata)
    .constdata                               0x08001dfc   Section       48  stm32g0xx_ll_usart.o(.constdata)
    USART_PRESCALER_TAB                      0x08001dfc   Data          48  stm32g0xx_ll_usart.o(.constdata)
    .conststring                             0x08001e2c   Section       70  main.o(.conststring)
    .data                                    0x20000000   Section        1  main.o(.data)
    .data                                    0x20000001   Section        1  main.o(.data)
    .data                                    0x20000002   Section        1  main.o(.data)
    .data                                    0x20000003   Section        1  main.o(.data)
    .data                                    0x20000004   Section        4  main.o(.data)
    .data                                    0x20000008   Section        4  main.o(.data)
    .data                                    0x2000000c   Section       24  systeminit.o(.data)
    tim_prescaler                            0x20000014   Data           4  systeminit.o(.data)
    tim_period                               0x20000018   Data           4  systeminit.o(.data)
    TimOutClock                              0x2000001c   Data           4  systeminit.o(.data)
    .data                                    0x20000024   Section        2  app.o(.data)
    ucHooterCnt                              0x20000024   Data           1  app.o(.data)
    ucHooterLastState                        0x20000025   Data           1  app.o(.data)
    .data                                    0x20000028   Section        4  system_stm32g0xx.o(.data)
    .bss                                     0x2000002c   Section      244  main.o(.bss)
    .bss                                     0x20000120   Section       72  main.o(.bss)
    .bss                                     0x20000168   Section       12  main.o(.bss)
    STACK                                    0x20000178   Section     1024  startup_stm32g031xx.o(STACK)

    Global Symbols

    Symbol Name                              Value     Ov Type        Size  Object(Section)

    BuildAttributes$$THM_ISAv3M$S$PE$A:L22$X:L11$S22$IEEE1$IW$USESV6$~STKCKD$USESV7$~SHL$OSPACE$ROPI$EBA8$MICROLIB$REQ8$PRES8$EABIv2 0x00000000   Number         0  anon$$obj.o ABSOLUTE
    __ARM_use_no_argv                        0x00000000   Number         0  main.o ABSOLUTE
    _printf_a                                0x00000000   Number         0  stubs.o ABSOLUTE
    _printf_c                                0x00000000   Number         0  stubs.o ABSOLUTE
    _printf_charcount                        0x00000000   Number         0  stubs.o ABSOLUTE
    _printf_d                                0x00000000   Number         0  stubs.o ABSOLUTE
    _printf_e                                0x00000000   Number         0  stubs.o ABSOLUTE
    _printf_f                                0x00000000   Number         0  stubs.o ABSOLUTE
    _printf_flags                            0x00000000   Number         0  stubs.o ABSOLUTE
    _printf_fp_dec                           0x00000000   Number         0  stubs.o ABSOLUTE
    _printf_fp_hex                           0x00000000   Number         0  stubs.o ABSOLUTE
    _printf_g                                0x00000000   Number         0  stubs.o ABSOLUTE
    _printf_i                                0x00000000   Number         0  stubs.o ABSOLUTE
    _printf_int_dec                          0x00000000   Number         0  stubs.o ABSOLUTE
    _printf_l                                0x00000000   Number         0  stubs.o ABSOLUTE
    _printf_lc                               0x00000000   Number         0  stubs.o ABSOLUTE
    _printf_ll                               0x00000000   Number         0  stubs.o ABSOLUTE
    _printf_lld                              0x00000000   Number         0  stubs.o ABSOLUTE
    _printf_lli                              0x00000000   Number         0  stubs.o ABSOLUTE
    _printf_llo                              0x00000000   Number         0  stubs.o ABSOLUTE
    _printf_llu                              0x00000000   Number         0  stubs.o ABSOLUTE
    _printf_llx                              0x00000000   Number         0  stubs.o ABSOLUTE
    _printf_longlong_dec                     0x00000000   Number         0  stubs.o ABSOLUTE
    _printf_longlong_hex                     0x00000000   Number         0  stubs.o ABSOLUTE
    _printf_longlong_oct                     0x00000000   Number         0  stubs.o ABSOLUTE
    _printf_ls                               0x00000000   Number         0  stubs.o ABSOLUTE
    _printf_mbtowc                           0x00000000   Number         0  stubs.o ABSOLUTE
    _printf_n                                0x00000000   Number         0  stubs.o ABSOLUTE
    _printf_o                                0x00000000   Number         0  stubs.o ABSOLUTE
    _printf_p                                0x00000000   Number         0  stubs.o ABSOLUTE
    _printf_percent                          0x00000000   Number         0  stubs.o ABSOLUTE
    _printf_pre_padding                      0x00000000   Number         0  stubs.o ABSOLUTE
    _printf_return_value                     0x00000000   Number         0  stubs.o ABSOLUTE
    _printf_s                                0x00000000   Number         0  stubs.o ABSOLUTE
    _printf_sizespec                         0x00000000   Number         0  stubs.o ABSOLUTE
    _printf_str                              0x00000000   Number         0  stubs.o ABSOLUTE
    _printf_truncate_signed                  0x00000000   Number         0  stubs.o ABSOLUTE
    _printf_truncate_unsigned                0x00000000   Number         0  stubs.o ABSOLUTE
    _printf_u                                0x00000000   Number         0  stubs.o ABSOLUTE
    _printf_wc                               0x00000000   Number         0  stubs.o ABSOLUTE
    _printf_wctomb                           0x00000000   Number         0  stubs.o ABSOLUTE
    _printf_widthprec                        0x00000000   Number         0  stubs.o ABSOLUTE
    _printf_x                                0x00000000   Number         0  stubs.o ABSOLUTE
    __arm_fini_                               - Undefined Weak Reference
    __cpp_initialize__aeabi_                  - Undefined Weak Reference
    __cxa_finalize                            - Undefined Weak Reference
    __decompress                              - Undefined Weak Reference
    _clock_init                               - Undefined Weak Reference
    _microlib_exit                            - Undefined Weak Reference
    __Vectors_Size                           0x000000c0   Number         0  startup_stm32g031xx.o ABSOLUTE
    __Vectors                                0x08000000   Data           4  startup_stm32g031xx.o(RESET)
    __Vectors_End                            0x080000c0   Data           0  startup_stm32g031xx.o(RESET)
    __main                                   0x080000c1   Thumb Code     0  entry.o(.ARM.Collect$$$$00000000)
    _main_stk                                0x080000c1   Thumb Code     0  entry2.o(.ARM.Collect$$$$00000001)
    _main_scatterload                        0x080000c5   Thumb Code     0  entry5.o(.ARM.Collect$$$$00000004)
    __main_after_scatterload                 0x080000c9   Thumb Code     0  entry5.o(.ARM.Collect$$$$00000004)
    _main_clock                              0x080000c9   Thumb Code     0  entry7b.o(.ARM.Collect$$$$00000008)
    _main_cpp_init                           0x080000c9   Thumb Code     0  entry8b.o(.ARM.Collect$$$$0000000A)
    _main_init                               0x080000c9   Thumb Code     0  entry9a.o(.ARM.Collect$$$$0000000B)
    __rt_lib_shutdown_fini                   0x080000d1   Thumb Code     0  entry12b.o(.ARM.Collect$$$$0000000E)
    __rt_final_cpp                           0x080000d5   Thumb Code     0  entry10a.o(.ARM.Collect$$$$0000000F)
    __rt_final_exit                          0x080000d5   Thumb Code     0  entry11a.o(.ARM.Collect$$$$00000011)
    Reset_Handler                            0x080000d9   Thumb Code     8  startup_stm32g031xx.o(.text)
    DMA1_Ch4_5_DMAMUX1_OVR_IRQHandler        0x080000eb   Thumb Code     0  startup_stm32g031xx.o(.text)
    DMA1_Channel1_IRQHandler                 0x080000eb   Thumb Code     0  startup_stm32g031xx.o(.text)
    DMA1_Channel2_3_IRQHandler               0x080000eb   Thumb Code     0  startup_stm32g031xx.o(.text)
    EXTI0_1_IRQHandler                       0x080000eb   Thumb Code     0  startup_stm32g031xx.o(.text)
    EXTI2_3_IRQHandler                       0x080000eb   Thumb Code     0  startup_stm32g031xx.o(.text)
    EXTI4_15_IRQHandler                      0x080000eb   Thumb Code     0  startup_stm32g031xx.o(.text)
    FLASH_IRQHandler                         0x080000eb   Thumb Code     0  startup_stm32g031xx.o(.text)
    I2C1_IRQHandler                          0x080000eb   Thumb Code     0  startup_stm32g031xx.o(.text)
    I2C2_IRQHandler                          0x080000eb   Thumb Code     0  startup_stm32g031xx.o(.text)
    LPTIM1_IRQHandler                        0x080000eb   Thumb Code     0  startup_stm32g031xx.o(.text)
    LPTIM2_IRQHandler                        0x080000eb   Thumb Code     0  startup_stm32g031xx.o(.text)
    LPUART1_IRQHandler                       0x080000eb   Thumb Code     0  startup_stm32g031xx.o(.text)
    PVD_IRQHandler                           0x080000eb   Thumb Code     0  startup_stm32g031xx.o(.text)
    RCC_IRQHandler                           0x080000eb   Thumb Code     0  startup_stm32g031xx.o(.text)
    RTC_TAMP_IRQHandler                      0x080000eb   Thumb Code     0  startup_stm32g031xx.o(.text)
    SPI1_IRQHandler                          0x080000eb   Thumb Code     0  startup_stm32g031xx.o(.text)
    SPI2_IRQHandler                          0x080000eb   Thumb Code     0  startup_stm32g031xx.o(.text)
    TIM14_IRQHandler                         0x080000eb   Thumb Code     0  startup_stm32g031xx.o(.text)
    TIM16_IRQHandler                         0x080000eb   Thumb Code     0  startup_stm32g031xx.o(.text)
    TIM17_IRQHandler                         0x080000eb   Thumb Code     0  startup_stm32g031xx.o(.text)
    TIM1_CC_IRQHandler                       0x080000eb   Thumb Code     0  startup_stm32g031xx.o(.text)
    TIM2_IRQHandler                          0x080000eb   Thumb Code     0  startup_stm32g031xx.o(.text)
    TIM3_IRQHandler                          0x080000eb   Thumb Code     0  startup_stm32g031xx.o(.text)
    USART1_IRQHandler                        0x080000eb   Thumb Code     0  startup_stm32g031xx.o(.text)
    USART2_IRQHandler                        0x080000eb   Thumb Code     0  startup_stm32g031xx.o(.text)
    WWDG_IRQHandler                          0x080000eb   Thumb Code     0  startup_stm32g031xx.o(.text)
    __aeabi_uidiv                            0x080000f5   Thumb Code     0  uidiv.o(.text)
    __aeabi_uidivmod                         0x080000f5   Thumb Code    44  uidiv.o(.text)
    __aeabi_memcpy                           0x08000121   Thumb Code    36  memcpya.o(.text)
    __aeabi_memcpy4                          0x08000121   Thumb Code     0  memcpya.o(.text)
    __aeabi_memcpy8                          0x08000121   Thumb Code     0  memcpya.o(.text)
    __aeabi_memset                           0x08000145   Thumb Code    14  memseta.o(.text)
    __aeabi_memset4                          0x08000145   Thumb Code     0  memseta.o(.text)
    __aeabi_memset8                          0x08000145   Thumb Code     0  memseta.o(.text)
    __aeabi_memclr                           0x08000153   Thumb Code     4  memseta.o(.text)
    __aeabi_memclr4                          0x08000153   Thumb Code     0  memseta.o(.text)
    __aeabi_memclr8                          0x08000153   Thumb Code     0  memseta.o(.text)
    _memset$wrapper                          0x08000157   Thumb Code    18  memseta.o(.text)
    strlen                                   0x08000169   Thumb Code    14  strlen.o(.text)
    __scatterload                            0x08000179   Thumb Code    28  init.o(.text)
    __scatterload_rt2                        0x08000179   Thumb Code     0  init.o(.text)
    ADC1_IRQHandler                          0x0800019d   Thumb Code    54  stm32g0xx_it.o(i.ADC1_IRQHandler)
    ConversionStartPoll_ADC_GrpRegular       0x080001e1   Thumb Code   158  systeminit.o(i.ConversionStartPoll_ADC_GrpRegular)
    FnADC1Init                               0x080002b1   Thumb Code   198  systeminit.o(i.FnADC1Init)
    FnADCCmd                                 0x08000381   Thumb Code    56  systeminit.o(i.FnADCCmd)
    FnALLInit                                0x080003c9   Thumb Code   314  app.o(i.FnALLInit)
    FnActivateADC                            0x08000555   Thumb Code   134  systeminit.o(i.FnActivateADC)
    FnCheckProcessADC                        0x080005ed   Thumb Code  1452  app.o(i.FnCheckProcessADC)
    FnDelayTimeDecrement                     0x08000bd5   Thumb Code    16  systeminit.o(i.FnDelayTimeDecrement)
    FnDelay_25ms                             0x08000be9   Thumb Code    18  systeminit.o(i.FnDelay_25ms)
    FnFireProcessStatus                      0x08000c01   Thumb Code   142  app.o(i.FnFireProcessStatus)
    FnGPIOInitINorOUT                        0x08000cdd   Thumb Code   100  systeminit.o(i.FnGPIOInitINorOUT)
    FnProcessUSERButtons                     0x08000d51   Thumb Code   602  app.o(i.FnProcessUSERButtons)
    FnReadAndAvgTheAdcValue                  0x0800105d   Thumb Code   170  app.o(i.FnReadAndAvgTheAdcValue)
    FnTimer1Init                             0x0800112d   Thumb Code   230  systeminit.o(i.FnTimer1Init)
    FnTimerFunction                          0x08001241   Thumb Code   128  app.o(i.FnTimerFunction)
    FnUARTInit                               0x080012c5   Thumb Code   350  systeminit.o(i.FnUARTInit)
    FnUSART_SendData                         0x08001441   Thumb Code    48  systeminit.o(i.FnUSART_SendData)
    FnUsartPrint                             0x08001471   Thumb Code    20  app.o(i.FnUsartPrint)
    HardFault_Handler                        0x08001489   Thumb Code     2  stm32g0xx_it.o(i.HardFault_Handler)
    LL_ADC_Init                              0x0800148d   Thumb Code    52  stm32g0xx_ll_adc.o(i.LL_ADC_Init)
    LL_ADC_REG_Init                          0x080014c5   Thumb Code    86  stm32g0xx_ll_adc.o(i.LL_ADC_REG_Init)
    LL_GPIO_Init                             0x0800157d   Thumb Code   168  stm32g0xx_ll_gpio.o(i.LL_GPIO_Init)
    LL_Init1msTick                           0x0800164d   Thumb Code    26  stm32g0xx_ll_utils.o(i.LL_Init1msTick)
    LL_RCC_GetSystemClocksFreq               0x0800166d   Thumb Code    24  stm32g0xx_ll_rcc.o(i.LL_RCC_GetSystemClocksFreq)
    LL_RCC_GetUSARTClockFreq                 0x08001685   Thumb Code    84  stm32g0xx_ll_rcc.o(i.LL_RCC_GetUSARTClockFreq)
    LL_SetSystemCoreClock                    0x08001731   Thumb Code     6  stm32g0xx_ll_utils.o(i.LL_SetSystemCoreClock)
    LL_TIM_BDTR_Init                         0x0800173d   Thumb Code   136  stm32g0xx_ll_tim.o(i.LL_TIM_BDTR_Init)
    LL_TIM_Init                              0x080017c9   Thumb Code   110  stm32g0xx_ll_tim.o(i.LL_TIM_Init)
    LL_USART_Init                            0x0800184d   Thumb Code   204  stm32g0xx_ll_usart.o(i.LL_USART_Init)
    NMI_Handler                              0x0800192d   Thumb Code     2  stm32g0xx_it.o(i.NMI_Handler)
    PendSV_Handler                           0x0800192f   Thumb Code     2  stm32g0xx_it.o(i.PendSV_Handler)
    RCC_GetHCLKClockFreq                     0x08001931   Thumb Code    24  stm32g0xx_ll_rcc.o(i.RCC_GetHCLKClockFreq)
    RCC_GetPCLK1ClockFreq                    0x08001951   Thumb Code    22  stm32g0xx_ll_rcc.o(i.RCC_GetPCLK1ClockFreq)
    RCC_GetSystemClockFreq                   0x08001971   Thumb Code    46  stm32g0xx_ll_rcc.o(i.RCC_GetSystemClockFreq)
    RCC_PLL_GetFreqDomain_SYS                0x080019ad   Thumb Code    54  stm32g0xx_ll_rcc.o(i.RCC_PLL_GetFreqDomain_SYS)
    SVC_Handler                              0x080019ed   Thumb Code     2  stm32g0xx_it.o(i.SVC_Handler)
    SysTick_Handler                          0x080019ef   Thumb Code     2  stm32g0xx_it.o(i.SysTick_Handler)
    SystemClock_Config                       0x080019f1   Thumb Code    72  app.o(i.SystemClock_Config)
    SystemInit                               0x08001a41   Thumb Code    10  system_stm32g0xx.o(i.SystemInit)
    TIM1_BRK_UP_TRG_COM_IRQHandler           0x08001a51   Thumb Code    28  stm32g0xx_it.o(i.TIM1_BRK_UP_TRG_COM_IRQHandler)
    __0sprintf$1                             0x08001a71   Thumb Code    36  printf1.o(i.__0sprintf$1)
    __1sprintf$1                             0x08001a71   Thumb Code     0  printf1.o(i.__0sprintf$1)
    __2sprintf                               0x08001a71   Thumb Code     0  printf1.o(i.__0sprintf$1)
    __scatterload_copy                       0x08001af5   Thumb Code    14  handlers.o(i.__scatterload_copy)
    __scatterload_null                       0x08001b03   Thumb Code     2  handlers.o(i.__scatterload_null)
    __scatterload_zeroinit                   0x08001b05   Thumb Code    14  handlers.o(i.__scatterload_zeroinit)
    fnBuzzerAlarm                            0x08001c71   Thumb Code    98  app.o(i.fnBuzzerAlarm)
    main                                     0x08001cd9   Thumb Code   134  main.o(i.main)
    AHBPrescTable                            0x08001d9c   Data          64  system_stm32g0xx.o(.constdata)
    APBPrescTable                            0x08001ddc   Data          32  system_stm32g0xx.o(.constdata)
    Region$$Table$$Base                      0x08001e74   Number         0  anon$$obj.o(Region$$Table)
    Region$$Table$$Limit                     0x08001e94   Number         0  anon$$obj.o(Region$$Table)
    ucMAXAdcSample                           0x20000000   Data           1  main.o(.data)
    ucADCTotalChannel                        0x20000001   Data           1  main.o(.data)
    ucADCChannelNo                           0x20000002   Data           1  main.o(.data)
    ucADCVAvgNo                              0x20000003   Data           1  main.o(.data)
    ucADCSampleTotal                         0x20000004   Data           4  main.o(.data)
    ucADCRet                                 0x20000008   Data           4  main.o(.data)
    ubAdcGrpRegularUnitaryConvStatus         0x2000000c   Data           1  systeminit.o(.data)
    uhADCxConvertedData                      0x2000000e   Data           2  systeminit.o(.data)
    uhADCxConvertedData_Voltage_mVolt        0x20000010   Data           2  systeminit.o(.data)
    TimingDelay                              0x20000020   Data           4  systeminit.o(.data)
    SystemCoreClock                          0x20000028   Data           4  system_stm32g0xx.o(.data)
    ucDebugBuff                              0x2000002c   Data         200  main.o(.bss)
    stVarSYSTEM_STATUS_ALL                   0x200000f4   Data          19  main.o(.bss)
    stVarTime_All                            0x20000107   Data          12  main.o(.bss)
    stVarADCValue_ALL                        0x20000114   Data          12  main.o(.bss)
    ucADCBUFF                                0x20000120   Data          72  main.o(.bss)
    uiAdcAvgValue                            0x20000168   Data          12  main.o(.bss)
    __initial_sp                             0x20000578   Data           0  startup_stm32g031xx.o(STACK)



==============================================================================

Memory Map of the image

  Image Entry point : 0x080000c1

  Load Region LR_IROM1 (Base: 0x08000000, Size: 0x00001ec0, Max: 0x00008000, ABSOLUTE)

    Execution Region ER_IROM1 (Exec base: 0x08000000, Load base: 0x08000000, Size: 0x00001e94, Max: 0x00008000, ABSOLUTE)

    Exec Addr    Load Addr    Size         Type   Attr      Idx    E Section Name        Object

    0x08000000   0x08000000   0x000000c0   Data   RO            3    RESET               startup_stm32g031xx.o
    0x080000c0   0x080000c0   0x00000000   Code   RO         1515  * .ARM.Collect$$$$00000000  mc_p.l(entry.o)
    0x080000c0   0x080000c0   0x00000004   Code   RO         1791    .ARM.Collect$$$$00000001  mc_p.l(entry2.o)
    0x080000c4   0x080000c4   0x00000004   Code   RO         1794    .ARM.Collect$$$$00000004  mc_p.l(entry5.o)
    0x080000c8   0x080000c8   0x00000000   Code   RO         1796    .ARM.Collect$$$$00000008  mc_p.l(entry7b.o)
    0x080000c8   0x080000c8   0x00000000   Code   RO         1798    .ARM.Collect$$$$0000000A  mc_p.l(entry8b.o)
    0x080000c8   0x080000c8   0x00000008   Code   RO         1799    .ARM.Collect$$$$0000000B  mc_p.l(entry9a.o)
    0x080000d0   0x080000d0   0x00000004   Code   RO         1806    .ARM.Collect$$$$0000000E  mc_p.l(entry12b.o)
    0x080000d4   0x080000d4   0x00000000   Code   RO         1801    .ARM.Collect$$$$0000000F  mc_p.l(entry10a.o)
    0x080000d4   0x080000d4   0x00000000   Code   RO         1803    .ARM.Collect$$$$00000011  mc_p.l(entry11a.o)
    0x080000d4   0x080000d4   0x00000004   Code   RO         1792    .ARM.Collect$$$$00002712  mc_p.l(entry2.o)
    0x080000d8   0x080000d8   0x0000001c   Code   RO            4    .text               startup_stm32g031xx.o
    0x080000f4   0x080000f4   0x0000002c   Code   RO         1518    .text               mc_p.l(uidiv.o)
    0x08000120   0x08000120   0x00000024   Code   RO         1522    .text               mc_p.l(memcpya.o)
    0x08000144   0x08000144   0x00000024   Code   RO         1524    .text               mc_p.l(memseta.o)
    0x08000168   0x08000168   0x0000000e   Code   RO         1526    .text               mc_p.l(strlen.o)
    0x08000176   0x08000176   0x00000002   PAD
    0x08000178   0x08000178   0x00000024   Code   RO         1825    .text               mc_p.l(init.o)
    0x0800019c   0x0800019c   0x00000044   Code   RO          178    i.ADC1_IRQHandler   stm32g0xx_it.o
    0x080001e0   0x080001e0   0x000000d0   Code   RO          245    i.ConversionStartPoll_ADC_GrpRegular  systeminit.o
    0x080002b0   0x080002b0   0x000000d0   Code   RO          246    i.FnADC1Init        systeminit.o
    0x08000380   0x08000380   0x00000048   Code   RO          247    i.FnADCCmd          systeminit.o
    0x080003c8   0x080003c8   0x0000018c   Code   RO          375    i.FnALLInit         app.o
    0x08000554   0x08000554   0x00000098   Code   RO          248    i.FnActivateADC     systeminit.o
    0x080005ec   0x080005ec   0x000005e8   Code   RO          376    i.FnCheckProcessADC  app.o
    0x08000bd4   0x08000bd4   0x00000014   Code   RO          249    i.FnDelayTimeDecrement  systeminit.o
    0x08000be8   0x08000be8   0x00000018   Code   RO          250    i.FnDelay_25ms      systeminit.o
    0x08000c00   0x08000c00   0x000000dc   Code   RO          377    i.FnFireProcessStatus  app.o
    0x08000cdc   0x08000cdc   0x00000074   Code   RO          251    i.FnGPIOInitINorOUT  systeminit.o
    0x08000d50   0x08000d50   0x0000030c   Code   RO          378    i.FnProcessUSERButtons  app.o
    0x0800105c   0x0800105c   0x000000d0   Code   RO          379    i.FnReadAndAvgTheAdcValue  app.o
    0x0800112c   0x0800112c   0x00000114   Code   RO          252    i.FnTimer1Init      systeminit.o
    0x08001240   0x08001240   0x00000084   Code   RO          380    i.FnTimerFunction   app.o
    0x080012c4   0x080012c4   0x0000017c   Code   RO          253    i.FnUARTInit        systeminit.o
    0x08001440   0x08001440   0x00000030   Code   RO          254    i.FnUSART_SendData  systeminit.o
    0x08001470   0x08001470   0x00000018   Code   RO          381    i.FnUsartPrint      app.o
    0x08001488   0x08001488   0x00000002   Code   RO          179    i.HardFault_Handler  stm32g0xx_it.o
    0x0800148a   0x0800148a   0x00000002   PAD
    0x0800148c   0x0800148c   0x00000038   Code   RO          511    i.LL_ADC_Init       stm32g0xx_ll_adc.o
    0x080014c4   0x080014c4   0x0000005c   Code   RO          512    i.LL_ADC_REG_Init   stm32g0xx_ll_adc.o
    0x08001520   0x08001520   0x0000001a   Code   RO          255    i.LL_ADC_REG_SetSequencerRanks  systeminit.o
    0x0800153a   0x0800153a   0x00000012   Code   RO          256    i.LL_ADC_SetChannelSamplingTime  systeminit.o
    0x0800154c   0x0800154c   0x00000016   Code   RO          257    i.LL_ADC_SetSamplingTimeCommonChannels  systeminit.o
    0x08001562   0x08001562   0x00000002   PAD
    0x08001564   0x08001564   0x00000018   Code   RO          258    i.LL_APB2_GRP1_EnableClock  systeminit.o
    0x0800157c   0x0800157c   0x000000a8   Code   RO          714    i.LL_GPIO_Init      stm32g0xx_ll_gpio.o
    0x08001624   0x08001624   0x0000000e   Code   RO          382    i.LL_GPIO_IsInputPinSet  app.o
    0x08001632   0x08001632   0x00000002   PAD
    0x08001634   0x08001634   0x00000018   Code   RO          259    i.LL_IOP_GRP1_EnableClock  systeminit.o
    0x0800164c   0x0800164c   0x00000020   Code   RO         1439    i.LL_Init1msTick    stm32g0xx_ll_utils.o
    0x0800166c   0x0800166c   0x00000018   Code   RO          905    i.LL_RCC_GetSystemClocksFreq  stm32g0xx_ll_rcc.o
    0x08001684   0x08001684   0x0000005c   Code   RO          907    i.LL_RCC_GetUSARTClockFreq  stm32g0xx_ll_rcc.o
    0x080016e0   0x080016e0   0x00000010   Code   RO          908    i.LL_RCC_HSI_IsReady  stm32g0xx_ll_rcc.o
    0x080016f0   0x080016f0   0x00000010   Code   RO          909    i.LL_RCC_LSE_IsReady  stm32g0xx_ll_rcc.o
    0x08001700   0x08001700   0x00000010   Code   RO          910    i.LL_RCC_PLL_GetDivider  stm32g0xx_ll_rcc.o
    0x08001710   0x08001710   0x00000010   Code   RO          911    i.LL_RCC_PLL_GetMainSource  stm32g0xx_ll_rcc.o
    0x08001720   0x08001720   0x00000010   Code   RO          912    i.LL_RCC_PLL_GetN   stm32g0xx_ll_rcc.o
    0x08001730   0x08001730   0x0000000c   Code   RO         1443    i.LL_SetSystemCoreClock  stm32g0xx_ll_utils.o
    0x0800173c   0x0800173c   0x0000008c   Code   RO         1255    i.LL_TIM_BDTR_Init  stm32g0xx_ll_tim.o
    0x080017c8   0x080017c8   0x00000084   Code   RO         1264    i.LL_TIM_Init       stm32g0xx_ll_tim.o
    0x0800184c   0x0800184c   0x000000e0   Code   RO         1393    i.LL_USART_Init     stm32g0xx_ll_usart.o
    0x0800192c   0x0800192c   0x00000002   Code   RO          180    i.NMI_Handler       stm32g0xx_it.o
    0x0800192e   0x0800192e   0x00000002   Code   RO          181    i.PendSV_Handler    stm32g0xx_it.o
    0x08001930   0x08001930   0x00000020   Code   RO          914    i.RCC_GetHCLKClockFreq  stm32g0xx_ll_rcc.o
    0x08001950   0x08001950   0x00000020   Code   RO          915    i.RCC_GetPCLK1ClockFreq  stm32g0xx_ll_rcc.o
    0x08001970   0x08001970   0x0000003c   Code   RO          916    i.RCC_GetSystemClockFreq  stm32g0xx_ll_rcc.o
    0x080019ac   0x080019ac   0x00000040   Code   RO          919    i.RCC_PLL_GetFreqDomain_SYS  stm32g0xx_ll_rcc.o
    0x080019ec   0x080019ec   0x00000002   Code   RO          182    i.SVC_Handler       stm32g0xx_it.o
    0x080019ee   0x080019ee   0x00000002   Code   RO          183    i.SysTick_Handler   stm32g0xx_it.o
    0x080019f0   0x080019f0   0x00000050   Code   RO          383    i.SystemClock_Config  app.o
    0x08001a40   0x08001a40   0x00000010   Code   RO          459    i.SystemInit        system_stm32g0xx.o
    0x08001a50   0x08001a50   0x00000020   Code   RO          184    i.TIM1_BRK_UP_TRG_COM_IRQHandler  stm32g0xx_it.o
    0x08001a70   0x08001a70   0x00000028   Code   RO         1577    i.__0sprintf$1      mc_p.l(printf1.o)
    0x08001a98   0x08001a98   0x00000018   Code   RO          260    i.__NVIC_EnableIRQ  systeminit.o
    0x08001ab0   0x08001ab0   0x00000044   Code   RO          261    i.__NVIC_SetPriority  systeminit.o
    0x08001af4   0x08001af4   0x0000000e   Code   RO         1837    i.__scatterload_copy  mc_p.l(handlers.o)
    0x08001b02   0x08001b02   0x00000002   Code   RO         1838    i.__scatterload_null  mc_p.l(handlers.o)
    0x08001b04   0x08001b04   0x0000000e   Code   RO         1839    i.__scatterload_zeroinit  mc_p.l(handlers.o)
    0x08001b12   0x08001b12   0x00000002   PAD
    0x08001b14   0x08001b14   0x00000150   Code   RO         1582    i._printf_core      mc_p.l(printf1.o)
    0x08001c64   0x08001c64   0x0000000a   Code   RO         1584    i._sputc            mc_p.l(printf1.o)
    0x08001c6e   0x08001c6e   0x00000002   PAD
    0x08001c70   0x08001c70   0x00000068   Code   RO          384    i.fnBuzzerAlarm     app.o
    0x08001cd8   0x08001cd8   0x00000090   Code   RO           13    i.main              main.o
    0x08001d68   0x08001d68   0x00000032   Data   RO          185    .constdata          stm32g0xx_it.o
    0x08001d9a   0x08001d9a   0x00000002   PAD
    0x08001d9c   0x08001d9c   0x00000040   Data   RO          460    .constdata          system_stm32g0xx.o
    0x08001ddc   0x08001ddc   0x00000020   Data   RO          461    .constdata          system_stm32g0xx.o
    0x08001dfc   0x08001dfc   0x00000030   Data   RO         1395    .constdata          stm32g0xx_ll_usart.o
    0x08001e2c   0x08001e2c   0x00000046   Data   RO           17    .conststring        main.o
    0x08001e72   0x08001e72   0x00000002   PAD
    0x08001e74   0x08001e74   0x00000020   Data   RO         1835    Region$$Table       anon$$obj.o


    Execution Region RW_IRAM1 (Exec base: 0x20000000, Load base: 0x08001e94, Size: 0x00000578, Max: 0x00002000, ABSOLUTE)

    Exec Addr    Load Addr    Size         Type   Attr      Idx    E Section Name        Object

    0x20000000   0x08001e94   0x00000001   Data   RW           18    .data               main.o
    0x20000001   0x08001e95   0x00000001   Data   RW           19    .data               main.o
    0x20000002   0x08001e96   0x00000001   Data   RW           20    .data               main.o
    0x20000003   0x08001e97   0x00000001   Data   RW           21    .data               main.o
    0x20000004   0x08001e98   0x00000004   Data   RW           22    .data               main.o
    0x20000008   0x08001e9c   0x00000004   Data   RW           23    .data               main.o
    0x2000000c   0x08001ea0   0x00000018   Data   RW          262    .data               systeminit.o
    0x20000024   0x08001eb8   0x00000002   Data   RW          385    .data               app.o
    0x20000026   0x08001eba   0x00000002   PAD
    0x20000028   0x08001ebc   0x00000004   Data   RW          462    .data               system_stm32g0xx.o
    0x2000002c        -       0x000000f4   Zero   RW           14    .bss                main.o
    0x20000120        -       0x00000048   Zero   RW           15    .bss                main.o
    0x20000168        -       0x0000000c   Zero   RW           16    .bss                main.o
    0x20000174   0x08001ec0   0x00000004   PAD
    0x20000178        -       0x00000400   Zero   RW            1    STACK               startup_stm32g031xx.o


==============================================================================

Image component sizes


      Code (inc. data)   RO Data    RW Data    ZI Data      Debug   Object Name

      3470        802          0          2          0      39485   app.o
       144         10         70         12        328     294470   main.o
        28          8        192          0       1024        644   startup_stm32g031xx.o
       110         18         50          0          0      67574   stm32g0xx_it.o
       148         10          0          0          0      37844   stm32g0xx_ll_adc.o
       168          0          0          0          0       6987   stm32g0xx_ll_gpio.o
         0          0          0          0          0      17636   stm32g0xx_ll_lpuart.o
       384         80          0          0          0      25406   stm32g0xx_ll_rcc.o
       272         26          0          0          0      41549   stm32g0xx_ll_tim.o
       224         20         48          0          0      26752   stm32g0xx_ll_usart.o
        44         12          0          0          0       6065   stm32g0xx_ll_utils.o
        16          6         96          4          0       1211   system_stm32g0xx.o
      1710        222          0         24          0     112759   systeminit.o

    ----------------------------------------------------------------------
      6724       1214        492         44       1356     678382   Object Totals
         0          0         32          0          0          0   (incl. Generated)
         6          0          4          2          4          0   (incl. Padding)

    ----------------------------------------------------------------------

      Code (inc. data)   RO Data    RW Data    ZI Data      Debug   Library Member Name

         0          0          0          0          0          0   entry.o
         0          0          0          0          0          0   entry10a.o
         0          0          0          0          0          0   entry11a.o
         4          0          0          0          0          0   entry12b.o
         8          4          0          0          0          0   entry2.o
         4          0          0          0          0          0   entry5.o
         0          0          0          0          0          0   entry7b.o
         0          0          0          0          0          0   entry8b.o
         8          4          0          0          0          0   entry9a.o
        30          0          0          0          0          0   handlers.o
        36          8          0          0          0         68   init.o
        36          0          0          0          0         60   memcpya.o
        36          0          0          0          0        100   memseta.o
       386          8          0          0          0        228   printf1.o
        14          0          0          0          0         60   strlen.o
        44          0          0          0          0         72   uidiv.o

    ----------------------------------------------------------------------
       612         24          0          0          0        588   Library Totals
         6          0          0          0          0          0   (incl. Padding)

    ----------------------------------------------------------------------

      Code (inc. data)   RO Data    RW Data    ZI Data      Debug   Library Name

       606         24          0          0          0        588   mc_p.l

    ----------------------------------------------------------------------
       612         24          0          0          0        588   Library Totals

    ----------------------------------------------------------------------

==============================================================================


      Code (inc. data)   RO Data    RW Data    ZI Data      Debug   

      7336       1238        492         44       1356     676658   Grand Totals
      7336       1238        492         44       1356     676658   ELF Image Totals
      7336       1238        492         44          0          0   ROM Totals

==============================================================================

    Total RO  Size (Code + RO Data)                 7828 (   7.64kB)
    Total RW  Size (RW Data + ZI Data)              1400 (   1.37kB)
    Total ROM Size (Code + RO Data + RW Data)       7872 (   7.69kB)

==============================================================================

